Archive member included to satisfy reference by file (symbol)

/home/rdu/Software/gcc-arm-none-eabi-7-2017-q4-major/bin/../lib/gcc/arm-none-eabi/7.2.1/../../../../arm-none-eabi/lib/thumb/v7e-m/fpv4-sp/hard/libc.a(lib_a-memcpy.o)
                              /home/rdu/Workspace/project_templates/mcu/stm32_ws/build/fw_racer_core/SEGGER_RTT.o (memcpy)
/home/rdu/Software/gcc-arm-none-eabi-7-2017-q4-major/bin/../lib/gcc/arm-none-eabi/7.2.1/../../../../arm-none-eabi/lib/thumb/v7e-m/fpv4-sp/hard/libc.a(lib_a-memset.o)
                              /home/rdu/Workspace/project_templates/mcu/stm32_ws/build/fw_racer_core/stream_buffer.o (memset)
/home/rdu/Software/gcc-arm-none-eabi-7-2017-q4-major/bin/../lib/gcc/arm-none-eabi/7.2.1/../../../../arm-none-eabi/lib/thumb/v7e-m/fpv4-sp/hard/libc.a(lib_a-strlen.o)
                              /home/rdu/Workspace/project_templates/mcu/stm32_ws/build/fw_racer_core/SEGGER_RTT.o (strlen)

Allocating common symbols
Common symbol       size              file

loop_count          0x2               /home/rdu/Workspace/project_templates/mcu/stm32_ws/build/fw_racer_core/main.o
xQueueRegistry      0x40              /home/rdu/Workspace/project_templates/mcu/stm32_ws/build/fw_racer_core/queue.o
_SEGGER_RTT         0xa8              /home/rdu/Workspace/project_templates/mcu/stm32_ws/build/fw_racer_core/SEGGER_RTT.o

Discarded input sections

 .text          0x0000000000000000       0x14 /home/rdu/Workspace/project_templates/mcu/stm32_ws/build/fw_racer_core/startup_stm32f40xx.o
 .data          0x0000000000000000        0x0 /home/rdu/Workspace/project_templates/mcu/stm32_ws/build/fw_racer_core/startup_stm32f40xx.o
 .bss           0x0000000000000000        0x0 /home/rdu/Workspace/project_templates/mcu/stm32_ws/build/fw_racer_core/startup_stm32f40xx.o
 .text          0x0000000000000000        0x0 /home/rdu/Workspace/project_templates/mcu/stm32_ws/build/fw_racer_core/SEGGER_RTT_Syscalls_GCC.o
 .data          0x0000000000000000        0x0 /home/rdu/Workspace/project_templates/mcu/stm32_ws/build/fw_racer_core/SEGGER_RTT_Syscalls_GCC.o
 .bss           0x0000000000000000        0x0 /home/rdu/Workspace/project_templates/mcu/stm32_ws/build/fw_racer_core/SEGGER_RTT_Syscalls_GCC.o
 .text._write   0x0000000000000000       0x20 /home/rdu/Workspace/project_templates/mcu/stm32_ws/build/fw_racer_core/SEGGER_RTT_Syscalls_GCC.o
 .text._write_r
                0x0000000000000000       0x20 /home/rdu/Workspace/project_templates/mcu/stm32_ws/build/fw_racer_core/SEGGER_RTT_Syscalls_GCC.o
 .debug_info    0x0000000000000000      0xb8a /home/rdu/Workspace/project_templates/mcu/stm32_ws/build/fw_racer_core/SEGGER_RTT_Syscalls_GCC.o
 .debug_abbrev  0x0000000000000000      0x1d3 /home/rdu/Workspace/project_templates/mcu/stm32_ws/build/fw_racer_core/SEGGER_RTT_Syscalls_GCC.o
 .debug_loc     0x0000000000000000       0x70 /home/rdu/Workspace/project_templates/mcu/stm32_ws/build/fw_racer_core/SEGGER_RTT_Syscalls_GCC.o
 .debug_aranges
                0x0000000000000000       0x28 /home/rdu/Workspace/project_templates/mcu/stm32_ws/build/fw_racer_core/SEGGER_RTT_Syscalls_GCC.o
 .debug_ranges  0x0000000000000000       0x18 /home/rdu/Workspace/project_templates/mcu/stm32_ws/build/fw_racer_core/SEGGER_RTT_Syscalls_GCC.o
 .debug_line    0x0000000000000000      0x1de /home/rdu/Workspace/project_templates/mcu/stm32_ws/build/fw_racer_core/SEGGER_RTT_Syscalls_GCC.o
 .debug_str     0x0000000000000000      0x6e5 /home/rdu/Workspace/project_templates/mcu/stm32_ws/build/fw_racer_core/SEGGER_RTT_Syscalls_GCC.o
 .comment       0x0000000000000000       0x7f /home/rdu/Workspace/project_templates/mcu/stm32_ws/build/fw_racer_core/SEGGER_RTT_Syscalls_GCC.o
 .debug_frame   0x0000000000000000       0x48 /home/rdu/Workspace/project_templates/mcu/stm32_ws/build/fw_racer_core/SEGGER_RTT_Syscalls_GCC.o
 .ARM.attributes
                0x0000000000000000       0x35 /home/rdu/Workspace/project_templates/mcu/stm32_ws/build/fw_racer_core/SEGGER_RTT_Syscalls_GCC.o
 .text          0x0000000000000000        0x0 /home/rdu/Workspace/project_templates/mcu/stm32_ws/build/fw_racer_core/jlink_rtt.o
 .data          0x0000000000000000        0x0 /home/rdu/Workspace/project_templates/mcu/stm32_ws/build/fw_racer_core/jlink_rtt.o
 .bss           0x0000000000000000        0x0 /home/rdu/Workspace/project_templates/mcu/stm32_ws/build/fw_racer_core/jlink_rtt.o
 .text.SEGGER_RTT_Setup
                0x0000000000000000        0x4 /home/rdu/Workspace/project_templates/mcu/stm32_ws/build/fw_racer_core/jlink_rtt.o
 .debug_info    0x0000000000000000      0x1d0 /home/rdu/Workspace/project_templates/mcu/stm32_ws/build/fw_racer_core/jlink_rtt.o
 .debug_abbrev  0x0000000000000000       0xb4 /home/rdu/Workspace/project_templates/mcu/stm32_ws/build/fw_racer_core/jlink_rtt.o
 .debug_aranges
                0x0000000000000000       0x20 /home/rdu/Workspace/project_templates/mcu/stm32_ws/build/fw_racer_core/jlink_rtt.o
[...]
Memory Configuration

Name             Origin             Length             Attributes
FLASH            0x0000000008000000 0x0000000000100000 xr
RAM              0x0000000020000000 0x0000000000030000 xrw
*default*        0x0000000000000000 0xffffffffffffffff

Linker script and memory map

LOAD /home/rdu/Workspace/project_templates/mcu/stm32_ws/build/fw_racer_core/startup_stm32f40xx.o
LOAD /home/rdu/Workspace/project_templates/mcu/stm32_ws/build/fw_racer_core/SEGGER_RTT_Syscalls_GCC.o
LOAD /home/rdu/Workspace/project_templates/mcu/stm32_ws/build/fw_racer_core/jlink_rtt.o
LOAD /home/rdu/Workspace/project_templates/mcu/stm32_ws/build/fw_racer_core/SEGGER_RTT.o
LOAD /home/rdu/Workspace/project_templates/mcu/stm32_ws/build/fw_racer_core/SEGGER_RTT_printf.o
LOAD /home/rdu/Workspace/project_templates/mcu/stm32_ws/build/fw_racer_core/main.o
LOAD /home/rdu/Workspace/project_templates/mcu/stm32_ws/build/fw_racer_core/racerio_can.o
LOAD /home/rdu/Workspace/project_templates/mcu/stm32_ws/build/fw_racer_core/racerio_driver.o
LOAD /home/rdu/Workspace/project_templates/mcu/stm32_ws/build/fw_racer_core/racerio_gpio.o
LOAD /home/rdu/Workspace/project_templates/mcu/stm32_ws/build/fw_racer_core/racerio_timer.o
LOAD /home/rdu/Workspace/project_templates/mcu/stm32_ws/build/fw_racer_core/system.o
LOAD /home/rdu/Workspace/project_templates/mcu/stm32_ws/build/fw_racer_core/stream_buffer.o
LOAD /home/rdu/Workspace/project_templates/mcu/stm32_ws/build/fw_racer_core/queue.o
LOAD /home/rdu/Workspace/project_templates/mcu/stm32_ws/build/fw_racer_core/croutine.o
LOAD /home/rdu/Workspace/project_templates/mcu/stm32_ws/build/fw_racer_core/list.o
LOAD /home/rdu/Workspace/project_templates/mcu/stm32_ws/build/fw_racer_core/event_groups.o
LOAD /home/rdu/Workspace/project_templates/mcu/stm32_ws/build/fw_racer_core/tasks.o
LOAD /home/rdu/Workspace/project_templates/mcu/stm32_ws/build/fw_racer_core/timers.o
LOAD /home/rdu/Workspace/project_templates/mcu/stm32_ws/build/fw_racer_core/port.o
LOAD /home/rdu/Workspace/project_templates/mcu/stm32_ws/build/fw_racer_core/heap_1.o
LOAD /home/rdu/Workspace/project_templates/mcu/stm32_ws/build/fw_racer_core/system_stm32f4xx.o
LOAD /home/rdu/Workspace/project_templates/mcu/stm32_ws/build/fw_racer_core/misc.o
LOAD /home/rdu/Workspace/project_templates/mcu/stm32_ws/build/fw_racer_core/stm32f4xx_adc.o
LOAD /home/rdu/Workspace/project_templates/mcu/stm32_ws/build/fw_racer_core/stm32f4xx_can.o
LOAD /home/rdu/Workspace/project_templates/mcu/stm32_ws/build/fw_racer_core/stm32f4xx_cec.o
LOAD /home/rdu/Workspace/project_templates/mcu/stm32_ws/build/fw_racer_core/stm32f4xx_crc.o
LOAD /home/rdu/Workspace/project_templates/mcu/stm32_ws/build/fw_racer_core/stm32f4xx_cryp.o
LOAD /home/rdu/Workspace/project_templates/mcu/stm32_ws/build/fw_racer_core/stm32f4xx_cryp_aes.o
LOAD /home/rdu/Workspace/project_templates/mcu/stm32_ws/build/fw_racer_core/stm32f4xx_cryp_des.o
LOAD /home/rdu/Workspace/project_templates/mcu/stm32_ws/build/fw_racer_core/stm32f4xx_cryp_tdes.o
LOAD /home/rdu/Workspace/project_templates/mcu/stm32_ws/build/fw_racer_core/stm32f4xx_dac.o
LOAD /home/rdu/Workspace/project_templates/mcu/stm32_ws/build/fw_racer_core/stm32f4xx_dbgmcu.o
LOAD /home/rdu/Workspace/project_templates/mcu/stm32_ws/build/fw_racer_core/stm32f4xx_dcmi.o
LOAD /home/rdu/Workspace/project_templates/mcu/stm32_ws/build/fw_racer_core/stm32f4xx_dfsdm.o
LOAD /home/rdu/Workspace/project_templates/mcu/stm32_ws/build/fw_racer_core/stm32f4xx_dma.o
LOAD /home/rdu/Workspace/project_templates/mcu/stm32_ws/build/fw_racer_core/stm32f4xx_dma2d.o
LOAD /home/rdu/Workspace/project_templates/mcu/stm32_ws/build/fw_racer_core/stm32f4xx_dsi.o
LOAD /home/rdu/Workspace/project_templates/mcu/stm32_ws/build/fw_racer_core/stm32f4xx_exti.o
LOAD /home/rdu/Workspace/project_templates/mcu/stm32_ws/build/fw_racer_core/stm32f4xx_flash.o
LOAD /home/rdu/Workspace/project_templates/mcu/stm32_ws/build/fw_racer_core/stm32f4xx_flash_ramfunc.o
LOAD /home/rdu/Workspace/project_templates/mcu/stm32_ws/build/fw_racer_core/stm32f4xx_fmpi2c.o
LOAD /home/rdu/Workspace/project_templates/mcu/stm32_ws/build/fw_racer_core/stm32f4xx_fsmc.o
LOAD /home/rdu/Workspace/project_templates/mcu/stm32_ws/build/fw_racer_core/stm32f4xx_gpio.o
LOAD /home/rdu/Workspace/project_templates/mcu/stm32_ws/build/fw_racer_core/stm32f4xx_hash.o
LOAD /home/rdu/Workspace/project_templates/mcu/stm32_ws/build/fw_racer_core/stm32f4xx_hash_md5.o
LOAD /home/rdu/Workspace/project_templates/mcu/stm32_ws/build/fw_racer_core/stm32f4xx_hash_sha1.o
LOAD /home/rdu/Workspace/project_templates/mcu/stm32_ws/build/fw_racer_core/stm32f4xx_i2c.o
LOAD /home/rdu/Workspace/project_templates/mcu/stm32_ws/build/fw_racer_core/stm32f4xx_iwdg.o
LOAD /home/rdu/Workspace/project_templates/mcu/stm32_ws/build/fw_racer_core/stm32f4xx_lptim.o
LOAD /home/rdu/Workspace/project_templates/mcu/stm32_ws/build/fw_racer_core/stm32f4xx_ltdc.o
LOAD /home/rdu/Workspace/project_templates/mcu/stm32_ws/build/fw_racer_core/stm32f4xx_pwr.o
LOAD /home/rdu/Workspace/project_templates/mcu/stm32_ws/build/fw_racer_core/stm32f4xx_qspi.o
LOAD /home/rdu/Workspace/project_templates/mcu/stm32_ws/build/fw_racer_core/stm32f4xx_rcc.o
LOAD /home/rdu/Workspace/project_templates/mcu/stm32_ws/build/fw_racer_core/stm32f4xx_rng.o
LOAD /home/rdu/Workspace/project_templates/mcu/stm32_ws/build/fw_racer_core/stm32f4xx_rtc.o
LOAD /home/rdu/Workspace/project_templates/mcu/stm32_ws/build/fw_racer_core/stm32f4xx_sai.o
LOAD /home/rdu/Workspace/project_templates/mcu/stm32_ws/build/fw_racer_core/stm32f4xx_sdio.o
LOAD /home/rdu/Workspace/project_templates/mcu/stm32_ws/build/fw_racer_core/stm32f4xx_spdifrx.o
LOAD /home/rdu/Workspace/project_templates/mcu/stm32_ws/build/fw_racer_core/stm32f4xx_spi.o
LOAD /home/rdu/Workspace/project_templates/mcu/stm32_ws/build/fw_racer_core/stm32f4xx_syscfg.o
LOAD /home/rdu/Workspace/project_templates/mcu/stm32_ws/build/fw_racer_core/stm32f4xx_tim.o
LOAD /home/rdu/Workspace/project_templates/mcu/stm32_ws/build/fw_racer_core/stm32f4xx_usart.o
LOAD /home/rdu/Workspace/project_templates/mcu/stm32_ws/build/fw_racer_core/stm32f4xx_wwdg.o
LOAD /home/rdu/Software/gcc-arm-none-eabi-7-2017-q4-major/bin/../lib/gcc/arm-none-eabi/7.2.1/../../../../arm-none-eabi/lib/thumb/v7e-m/fpv4-sp/hard/libc.a
LOAD /home/rdu/Software/gcc-arm-none-eabi-7-2017-q4-major/bin/../lib/gcc/arm-none-eabi/7.2.1/../../../../arm-none-eabi/lib/thumb/v7e-m/fpv4-sp/hard/libm.a
LOAD /home/rdu/Software/gcc-arm-none-eabi-7-2017-q4-major/bin/../lib/gcc/arm-none-eabi/7.2.1/../../../../arm-none-eabi/lib/thumb/v7e-m/fpv4-sp/hard/libc.a
LOAD /home/rdu/Software/gcc-arm-none-eabi-7-2017-q4-major/bin/../lib/gcc/arm-none-eabi/7.2.1/thumb/v7e-m/fpv4-sp/hard/libgcc.a
START GROUP
LOAD /home/rdu/Software/gcc-arm-none-eabi-7-2017-q4-major/bin/../lib/gcc/arm-none-eabi/7.2.1/thumb/v7e-m/fpv4-sp/hard/libgcc.a
LOAD /home/rdu/Software/gcc-arm-none-eabi-7-2017-q4-major/bin/../lib/gcc/arm-none-eabi/7.2.1/../../../../arm-none-eabi/lib/thumb/v7e-m/fpv4-sp/hard/libg.a
LOAD /home/rdu/Software/gcc-arm-none-eabi-7-2017-q4-major/bin/../lib/gcc/arm-none-eabi/7.2.1/../../../../arm-none-eabi/lib/thumb/v7e-m/fpv4-sp/hard/libc.a
END GROUP
                0x0000000020010000                _estack = 0x20010000
                0x0000000000000200                _Min_Heap_Size = 0x200
                0x0000000000000400                _Min_Stack_Size = 0x400

.isr_vector     0x0000000008000000      0x188
                0x0000000008000000                . = ALIGN (0x4)
 *(.isr_vector)
 .isr_vector    0x0000000008000000      0x188 /home/rdu/Workspace/project_templates/mcu/stm32_ws/build/fw_racer_core/startup_stm32f40xx.o
                0x0000000008000000                g_pfnVectors
                0x0000000008000188                . = ALIGN (0x4)

.text           0x0000000008000190     0x128c
                0x0000000008000190                . = ALIGN (0x4)
 *(.text)
 .text          0x0000000008000190      0x134 /home/rdu/Software/gcc-arm-none-eabi-7-2017-q4-major/bin/../lib/gcc/arm-none-eabi/7.2.1/../../../../arm-none-eabi/lib/thumb/v7e-m/fpv4-sp/hard/libc.a(lib_a-memcpy.o)
                0x0000000008000190                memcpy
 *(.text*)
 .text.Reset_Handler
                0x00000000080002c4       0x44 /home/rdu/Workspace/project_templates/mcu/stm32_ws/build/fw_racer_core/startup_stm32f40xx.o
                0x00000000080002c4                Reset_Handler
 .text.Default_Handler
                0x0000000008000308        0x2 /home/rdu/Workspace/project_templates/mcu/stm32_ws/build/fw_racer_core/startup_stm32f40xx.o
                0x0000000008000308                RTC_Alarm_IRQHandler
                0x0000000008000308                HASH_RNG_IRQHandler
                0x0000000008000308                EXTI2_IRQHandler
                0x0000000008000308                TIM8_CC_IRQHandler
                0x0000000008000308                DebugMon_Handler
                0x0000000008000308                TIM1_CC_IRQHandler
                0x0000000008000308                DMA2_Stream5_IRQHandler
                0x0000000008000308                HardFault_Handler
                0x0000000008000308                DMA1_Stream5_IRQHandler
                0x0000000008000308                PVD_IRQHandler
                0x0000000008000308                SDIO_IRQHandler
                0x0000000008000308                TAMP_STAMP_IRQHandler
                0x0000000008000308                NMI_Handler
                0x0000000008000308                CAN2_RX1_IRQHandler
                0x0000000008000308                EXTI3_IRQHandler
                0x0000000008000308                TIM8_TRG_COM_TIM14_IRQHandler
                0x0000000008000308                TIM1_UP_TIM10_IRQHandler
                0x0000000008000308                TIM8_UP_TIM13_IRQHandler
                0x0000000008000308                I2C3_ER_IRQHandler
                0x0000000008000308                EXTI0_IRQHandler
                0x0000000008000308                I2C2_EV_IRQHandler
                0x0000000008000308                DMA1_Stream2_IRQHandler
                0x0000000008000308                CAN1_RX0_IRQHandler
                0x0000000008000308                FPU_IRQHandler
                0x0000000008000308                OTG_HS_WKUP_IRQHandler
                0x0000000008000308                UsageFault_Handler
                0x0000000008000308                CAN2_SCE_IRQHandler
                0x0000000008000308                DMA2_Stream2_IRQHandler
                0x0000000008000308                SPI1_IRQHandler
                0x0000000008000308                TIM6_DAC_IRQHandler
                0x0000000008000308                TIM1_BRK_TIM9_IRQHandler
                0x0000000008000308                DCMI_IRQHandler
                0x0000000008000308                DMA2_Stream3_IRQHandler
                0x0000000008000308                USART6_IRQHandler
                0x0000000008000308                USART3_IRQHandler
                0x0000000008000308                CRYP_IRQHandler
                0x0000000008000308                CAN1_RX1_IRQHandler
                0x0000000008000308                UART5_IRQHandler
                0x0000000008000308                DMA2_Stream0_IRQHandler
                0x0000000008000308                TIM4_IRQHandler
                0x0000000008000308                I2C1_EV_IRQHandler
                0x0000000008000308                DMA1_Stream6_IRQHandler
                0x0000000008000308                DMA1_Stream1_IRQHandler
                0x0000000008000308                UART4_IRQHandler
                0x0000000008000308                TIM3_IRQHandler
                0x0000000008000308                RCC_IRQHandler
                0x0000000008000308                TIM8_BRK_TIM12_IRQHandler
                0x0000000008000308                Default_Handler
                0x0000000008000308                EXTI15_10_IRQHandler
                0x0000000008000308                ADC_IRQHandler
                0x0000000008000308                DMA1_Stream7_IRQHandler
                0x0000000008000308                TIM7_IRQHandler
                0x0000000008000308                CAN2_TX_IRQHandler
                0x0000000008000308                DMA2_Stream7_IRQHandler
                0x0000000008000308                I2C3_EV_IRQHandler
                0x0000000008000308                EXTI9_5_IRQHandler
                0x0000000008000308                RTC_WKUP_IRQHandler
                0x0000000008000308                ETH_WKUP_IRQHandler
                0x0000000008000308                SPI2_IRQHandler
                0x0000000008000308                OTG_HS_EP1_IN_IRQHandler
                0x0000000008000308                MemManage_Handler
                0x0000000008000308                DMA1_Stream0_IRQHandler
                0x0000000008000308                CAN1_TX_IRQHandler
                0x0000000008000308                EXTI4_IRQHandler
                0x0000000008000308                FSMC_IRQHandler
                0x0000000008000308                ETH_IRQHandler
                0x0000000008000308                OTG_HS_EP1_OUT_IRQHandler
                0x0000000008000308                WWDG_IRQHandler
                0x0000000008000308                TIM2_IRQHandler
                0x0000000008000308                OTG_FS_WKUP_IRQHandler
                0x0000000008000308                TIM1_TRG_COM_TIM11_IRQHandler
                0x0000000008000308                OTG_HS_IRQHandler
                0x0000000008000308                EXTI1_IRQHandler
                0x0000000008000308                USART2_IRQHandler
                0x0000000008000308                I2C2_ER_IRQHandler
                0x0000000008000308                DMA2_Stream1_IRQHandler
                0x0000000008000308                CAN1_SCE_IRQHandler
                0x0000000008000308                FLASH_IRQHandler
                0x0000000008000308                DMA2_Stream4_IRQHandler
                0x0000000008000308                BusFault_Handler
                0x0000000008000308                USART1_IRQHandler
                0x0000000008000308                OTG_FS_IRQHandler
                0x0000000008000308                SPI3_IRQHandler
                0x0000000008000308                DMA1_Stream4_IRQHandler
                0x0000000008000308                I2C1_ER_IRQHandler
                0x0000000008000308                DMA2_Stream6_IRQHandler
                0x0000000008000308                DMA1_Stream3_IRQHandler
 *fill*         0x000000000800030a        0x2 
 .text._DoInit  0x000000000800030c       0x9c /home/rdu/Workspace/project_templates/mcu/stm32_ws/build/fw_racer_core/SEGGER_RTT.o
 .text._WriteBlocking
                0x00000000080003a8       0xb2 /home/rdu/Workspace/project_templates/mcu/stm32_ws/build/fw_racer_core/SEGGER_RTT.o
 .text._WriteNoCheck
                0x000000000800045a       0x7e /home/rdu/Workspace/project_templates/mcu/stm32_ws/build/fw_racer_core/SEGGER_RTT.o
 .text._GetAvailWriteSpace
                0x00000000080004d8       0x3c /home/rdu/Workspace/project_templates/mcu/stm32_ws/build/fw_racer_core/SEGGER_RTT.o
 .text.SEGGER_RTT_WriteNoLock
                0x0000000008000514       0x9c /home/rdu/Workspace/project_templates/mcu/stm32_ws/build/fw_racer_core/SEGGER_RTT.o
                0x0000000008000514                SEGGER_RTT_WriteNoLock
 .text.SEGGER_RTT_Write
                0x00000000080005b0       0x44 /home/rdu/Workspace/project_templates/mcu/stm32_ws/build/fw_racer_core/SEGGER_RTT.o
                0x00000000080005b0                SEGGER_RTT_Write
 .text._StoreChar
                0x00000000080005f4       0x7e /home/rdu/Workspace/project_templates/mcu/stm32_ws/build/fw_racer_core/SEGGER_RTT_printf.o
 *fill*         0x0000000008000672        0x2 
 .text._PrintUnsigned
                0x0000000008000674      0x15c /home/rdu/Workspace/project_templates/mcu/stm32_ws/build/fw_racer_core/SEGGER_RTT_printf.o
 .text._PrintInt
                0x00000000080007d0      0x14c /home/rdu/Workspace/project_templates/mcu/stm32_ws/build/fw_racer_core/SEGGER_RTT_printf.o
 .text.SEGGER_RTT_vprintf
                0x000000000800091c      0x314 /home/rdu/Workspace/project_templates/mcu/stm32_ws/build/fw_racer_core/SEGGER_RTT_printf.o
                0x000000000800091c                SEGGER_RTT_vprintf
 .text.SEGGER_RTT_printf
                0x0000000008000c30       0x28 /home/rdu/Workspace/project_templates/mcu/stm32_ws/build/fw_racer_core/SEGGER_RTT_printf.o
                0x0000000008000c30                SEGGER_RTT_printf
 .text.main     0x0000000008000c58        0x6 /home/rdu/Workspace/project_templates/mcu/stm32_ws/build/fw_racer_core/main.o
                0x0000000008000c58                main
 *fill*         0x0000000008000c5e        0x2 
 .text.CAN2_RX0_IRQHandler
                0x0000000008000c60       0x54 /home/rdu/Workspace/project_templates/mcu/stm32_ws/build/fw_racer_core/racerio_can.o
                0x0000000008000c60                CAN2_RX0_IRQHandler
 .text.TIM5_IRQHandler
                0x0000000008000cb4       0x38 /home/rdu/Workspace/project_templates/mcu/stm32_ws/build/fw_racer_core/racerio_timer.o
                0x0000000008000cb4                TIM5_IRQHandler
 .text.vListInsertEnd
                0x0000000008000cec       0x3e /home/rdu/Workspace/project_templates/mcu/stm32_ws/build/fw_racer_core/list.o
                0x0000000008000cec                vListInsertEnd
 .text.uxListRemove
                0x0000000008000d2a       0x4a /home/rdu/Workspace/project_templates/mcu/stm32_ws/build/fw_racer_core/list.o
                0x0000000008000d2a                uxListRemove
 .text.xTaskIncrementTick
                0x0000000008000d74      0x16c /home/rdu/Workspace/project_templates/mcu/stm32_ws/build/fw_racer_core/tasks.o
                0x0000000008000d74                xTaskIncrementTick
 .text.vTaskSwitchContext
                0x0000000008000ee0       0xb0 /home/rdu/Workspace/project_templates/mcu/stm32_ws/build/fw_racer_core/tasks.o
                0x0000000008000ee0                vTaskSwitchContext
 .text.prvResetNextTaskUnblockTime
                0x0000000008000f90       0x38 /home/rdu/Workspace/project_templates/mcu/stm32_ws/build/fw_racer_core/tasks.o
 *fill*         0x0000000008000fc8        0x8 
 .text.SVC_Handler
                0x0000000008000fd0       0x28 /home/rdu/Workspace/project_templates/mcu/stm32_ws/build/fw_racer_core/port.o
                0x0000000008000fd0                SVC_Handler
 *fill*         0x0000000008000ff8        0x8 
 .text.PendSV_Handler
                0x0000000008001000       0x68 /home/rdu/Workspace/project_templates/mcu/stm32_ws/build/fw_racer_core/port.o
                0x0000000008001000                PendSV_Handler
 .text.SysTick_Handler
                0x0000000008001068       0x40 /home/rdu/Workspace/project_templates/mcu/stm32_ws/build/fw_racer_core/port.o
                0x0000000008001068                SysTick_Handler
 .text.SystemInit
                0x00000000080010a8       0x68 /home/rdu/Workspace/project_templates/mcu/stm32_ws/build/fw_racer_core/system_stm32f4xx.o
                0x00000000080010a8                SystemInit
 .text.SetSysClock
                0x0000000008001110       0xec /home/rdu/Workspace/project_templates/mcu/stm32_ws/build/fw_racer_core/system_stm32f4xx.o
 .text.CAN_Receive
                0x00000000080011fc      0x192 /home/rdu/Workspace/project_templates/mcu/stm32_ws/build/fw_racer_core/stm32f4xx_can.o
                0x00000000080011fc                CAN_Receive
 .text.TIM_GetCapture1
                0x000000000800138e        0xe /home/rdu/Workspace/project_templates/mcu/stm32_ws/build/fw_racer_core/stm32f4xx_tim.o
                0x000000000800138e                TIM_GetCapture1
 .text.TIM_GetITStatus
                0x000000000800139c       0x64 /home/rdu/Workspace/project_templates/mcu/stm32_ws/build/fw_racer_core/stm32f4xx_tim.o
                0x000000000800139c                TIM_GetITStatus
 .text.TIM_ClearITPendingBit
                0x0000000008001400       0x1c /home/rdu/Workspace/project_templates/mcu/stm32_ws/build/fw_racer_core/stm32f4xx_tim.o
                0x0000000008001400                TIM_ClearITPendingBit
 *(.glue_7)
 .glue_7        0x000000000800141c        0x0 linker stubs
 *(.glue_7t)
 .glue_7t       0x000000000800141c        0x0 linker stubs
 *(.eh_frame)
 *(.init)
 *(.fini)
                0x000000000800141c                . = ALIGN (0x4)
                0x000000000800141c                _etext = .

.vfp11_veneer   0x000000000800141c        0x0
 .vfp11_veneer  0x000000000800141c        0x0 linker stubs

.v4_bx          0x000000000800141c        0x0
 .v4_bx         0x000000000800141c        0x0 linker stubs

.iplt           0x000000000800141c        0x0
 .iplt          0x000000000800141c        0x0 /home/rdu/Workspace/project_templates/mcu/stm32_ws/build/fw_racer_core/startup_stm32f40xx.o

.rodata         0x000000000800141c       0x64
                0x000000000800141c                . = ALIGN (0x4)
 *(.rodata)
 .rodata        0x000000000800141c       0x17 /home/rdu/Workspace/project_templates/mcu/stm32_ws/build/fw_racer_core/SEGGER_RTT.o
 *fill*         0x0000000008001433        0x1 
 .rodata        0x0000000008001434       0x2b /home/rdu/Workspace/project_templates/mcu/stm32_ws/build/fw_racer_core/racerio_can.o
 *fill*         0x000000000800145f        0x1 
 .rodata        0x0000000008001460        0xd /home/rdu/Workspace/project_templates/mcu/stm32_ws/build/fw_racer_core/racerio_timer.o
 *(.rodata*)
 *fill*         0x000000000800146d        0x3 
 .rodata._aV2C.6129
                0x0000000008001470       0x10 /home/rdu/Workspace/project_templates/mcu/stm32_ws/build/fw_racer_core/SEGGER_RTT_printf.o
                0x0000000008001480                . = ALIGN (0x4)

.rel.dyn        0x0000000008001480        0x0
 .rel.iplt      0x0000000008001480        0x0 /home/rdu/Workspace/project_templates/mcu/stm32_ws/build/fw_racer_core/startup_stm32f40xx.o

.ARM.extab
 *(.ARM.extab* .gnu.linkonce.armextab.*)

.ARM            0x0000000008001480        0x0
                0x0000000008001480                __exidx_start = .
 *(.ARM.exidx*)
                0x0000000008001480                __exidx_end = .

.preinit_array  0x0000000008001480        0x0
                [!provide]                        PROVIDE (__preinit_array_start, .)
 *(.preinit_array*)
                [!provide]                        PROVIDE (__preinit_array_end, .)

.init_array     0x0000000008001480        0x0
                [!provide]                        PROVIDE (__init_array_start, .)
 *(SORT_BY_NAME(.init_array.*))
 *(.init_array*)
                [!provide]                        PROVIDE (__init_array_end, .)

.fini_array     0x0000000008001480        0x0
                [!provide]                        PROVIDE (__fini_array_start, .)
 *(SORT_BY_NAME(.fini_array.*))
 *(.fini_array*)
                [!provide]                        PROVIDE (__fini_array_end, .)
                0x0000000008001480                _sidata = LOADADDR (.data)

.data           0x0000000020000000        0x0 load address 0x0000000008001480
                0x0000000020000000                . = ALIGN (0x4)
                0x0000000020000000                _sdata = .
 *(.data)
 *(.data*)
                0x0000000020000000                . = ALIGN (0x4)
                0x0000000020000000                _edata = .

.igot.plt       0x0000000020000000        0x0 load address 0x0000000008001480
 .igot.plt      0x0000000020000000        0x0 /home/rdu/Workspace/project_templates/mcu/stm32_ws/build/fw_racer_core/startup_stm32f40xx.o
                0x0000000020000000                . = ALIGN (0x4)

.bss            0x0000000020000000      0x544 load address 0x0000000008001480
                0x0000000020000000                _sbss = .
                0x0000000020000000                __bss_start__ = _sbss
 *(.bss)
 *(.bss*)
 .bss._acUpBuffer
                0x0000000020000000      0x400 /home/rdu/Workspace/project_templates/mcu/stm32_ws/build/fw_racer_core/SEGGER_RTT.o
 .bss._acDownBuffer
                0x0000000020000400       0x10 /home/rdu/Workspace/project_templates/mcu/stm32_ws/build/fw_racer_core/SEGGER_RTT.o
 .bss.pxCurrentTCB
                0x0000000020000410        0x4 /home/rdu/Workspace/project_templates/mcu/stm32_ws/build/fw_racer_core/tasks.o
                0x0000000020000410                pxCurrentTCB
 .bss.pxReadyTasksLists
                0x0000000020000414       0x64 /home/rdu/Workspace/project_templates/mcu/stm32_ws/build/fw_racer_core/tasks.o
 .bss.pxDelayedTaskList
                0x0000000020000478        0x4 /home/rdu/Workspace/project_templates/mcu/stm32_ws/build/fw_racer_core/tasks.o
 .bss.pxOverflowDelayedTaskList
                0x000000002000047c        0x4 /home/rdu/Workspace/project_templates/mcu/stm32_ws/build/fw_racer_core/tasks.o
 .bss.xTickCount
                0x0000000020000480        0x4 /home/rdu/Workspace/project_templates/mcu/stm32_ws/build/fw_racer_core/tasks.o
 .bss.uxTopReadyPriority
                0x0000000020000484        0x4 /home/rdu/Workspace/project_templates/mcu/stm32_ws/build/fw_racer_core/tasks.o
 .bss.uxPendedTicks
                0x0000000020000488        0x4 /home/rdu/Workspace/project_templates/mcu/stm32_ws/build/fw_racer_core/tasks.o
 .bss.xYieldPending
                0x000000002000048c        0x4 /home/rdu/Workspace/project_templates/mcu/stm32_ws/build/fw_racer_core/tasks.o
 .bss.xNumOfOverflows
                0x0000000020000490        0x4 /home/rdu/Workspace/project_templates/mcu/stm32_ws/build/fw_racer_core/tasks.o
 .bss.xNextTaskUnblockTime
                0x0000000020000494        0x4 /home/rdu/Workspace/project_templates/mcu/stm32_ws/build/fw_racer_core/tasks.o
 .bss.uxSchedulerSuspended
                0x0000000020000498        0x4 /home/rdu/Workspace/project_templates/mcu/stm32_ws/build/fw_racer_core/tasks.o
 *(COMMON)
 COMMON         0x000000002000049c       0xa8 /home/rdu/Workspace/project_templates/mcu/stm32_ws/build/fw_racer_core/SEGGER_RTT.o
                0x000000002000049c                _SEGGER_RTT
                0x0000000020000544                . = ALIGN (0x4)
                0x0000000020000544                _ebss = .
                0x0000000020000544                __bss_end__ = _ebss

._user_heap_stack
                0x0000000020000544      0x600 load address 0x0000000008001480
                0x0000000020000544                . = ALIGN (0x4)
                [!provide]                        PROVIDE (end, .)
                [!provide]                        PROVIDE (_end, .)
                0x0000000020000744                . = (. + _Min_Heap_Size)
 *fill*         0x0000000020000544      0x200 
                0x0000000020000b44                . = (. + _Min_Stack_Size)
 *fill*         0x0000000020000744      0x400 
                0x0000000020000b44                . = ALIGN (0x4)

/DISCARD/
 libc.a(*)
 libm.a(*)
 libgcc.a(*)

.ARM.attributes
                0x0000000000000000       0x35
 *(.ARM.attributes)
 .ARM.attributes
                0x0000000000000000       0x21 /home/rdu/Workspace/project_templates/mcu/stm32_ws/build/fw_racer_core/startup_stm32f40xx.o
 .ARM.attributes
                0x0000000000000021       0x35 /home/rdu/Workspace/project_templates/mcu/stm32_ws/build/fw_racer_core/SEGGER_RTT.o
 .ARM.attributes
                0x0000000000000056       0x35 /home/rdu/Workspace/project_templates/mcu/stm32_ws/build/fw_racer_core/SEGGER_RTT_printf.o
 .ARM.attributes
                0x000000000000008b       0x35 /home/rdu/Workspace/project_templates/mcu/stm32_ws/build/fw_racer_core/main.o
 .ARM.attributes
                0x00000000000000c0       0x35 /home/rdu/Workspace/project_templates/mcu/stm32_ws/build/fw_racer_core/racerio_can.o
 .ARM.attributes
                0x00000000000000f5       0x35 /home/rdu/Workspace/project_templates/mcu/stm32_ws/build/fw_racer_core/racerio_timer.o
 .ARM.attributes
                0x000000000000012a       0x35 /home/rdu/Workspace/project_templates/mcu/stm32_ws/build/fw_racer_core/list.o
 .ARM.attributes
                0x000000000000015f       0x35 /home/rdu/Workspace/project_templates/mcu/stm32_ws/build/fw_racer_core/tasks.o
 .ARM.attributes
                0x0000000000000194       0x35 /home/rdu/Workspace/project_templates/mcu/stm32_ws/build/fw_racer_core/port.o
 .ARM.attributes
                0x00000000000001c9       0x35 /home/rdu/Workspace/project_templates/mcu/stm32_ws/build/fw_racer_core/system_stm32f4xx.o
 .ARM.attributes
                0x00000000000001fe       0x35 /home/rdu/Workspace/project_templates/mcu/stm32_ws/build/fw_racer_core/stm32f4xx_can.o
 .ARM.attributes
                0x0000000000000233       0x35 /home/rdu/Workspace/project_templates/mcu/stm32_ws/build/fw_racer_core/stm32f4xx_tim.o
 .ARM.attributes
                0x0000000000000268       0x20 /home/rdu/Software/gcc-arm-none-eabi-7-2017-q4-major/bin/../lib/gcc/arm-none-eabi/7.2.1/../../../../arm-none-eabi/lib/thumb/v7e-m/fpv4-sp/hard/libc.a(lib_a-memcpy.o)
OUTPUT(/home/rdu/Workspace/project_templates/mcu/stm32_ws/build/fw_racer_core/fw_racer_core.elf elf32-littlearm)

.debug_info     0x0000000000000000     0xb306
 .debug_info    0x0000000000000000     0x16c3 /home/rdu/Workspace/project_templates/mcu/stm32_ws/build/fw_racer_core/SEGGER_RTT.o
 .debug_info    0x00000000000016c3      0xe6b /home/rdu/Workspace/project_templates/mcu/stm32_ws/build/fw_racer_core/SEGGER_RTT_printf.o
 .debug_info    0x000000000000252e       0xb1 /home/rdu/Workspace/project_templates/mcu/stm32_ws/build/fw_racer_core/main.o
 .debug_info    0x00000000000025df     0x15d0 /home/rdu/Workspace/project_templates/mcu/stm32_ws/build/fw_racer_core/racerio_can.o
 .debug_info    0x0000000000003baf      0xa79 /home/rdu/Workspace/project_templates/mcu/stm32_ws/build/fw_racer_core/racerio_timer.o
 .debug_info    0x0000000000004628      0xbe7 /home/rdu/Workspace/project_templates/mcu/stm32_ws/build/fw_racer_core/list.o
 .debug_info    0x000000000000520f     0x297b /home/rdu/Workspace/project_templates/mcu/stm32_ws/build/fw_racer_core/tasks.o
 .debug_info    0x0000000000007b8a      0x56a /home/rdu/Workspace/project_templates/mcu/stm32_ws/build/fw_racer_core/port.o
 .debug_info    0x00000000000080f4      0x6a9 /home/rdu/Workspace/project_templates/mcu/stm32_ws/build/fw_racer_core/system_stm32f4xx.o
 .debug_info    0x000000000000879d      0xcb0 /home/rdu/Workspace/project_templates/mcu/stm32_ws/build/fw_racer_core/stm32f4xx_can.o
 .debug_info    0x000000000000944d     0x1eb9 /home/rdu/Workspace/project_templates/mcu/stm32_ws/build/fw_racer_core/stm32f4xx_tim.o

.debug_abbrev   0x0000000000000000     0x15cb
 .debug_abbrev  0x0000000000000000      0x2b7 /home/rdu/Workspace/project_templates/mcu/stm32_ws/build/fw_racer_core/SEGGER_RTT.o
 .debug_abbrev  0x00000000000002b7      0x251 /home/rdu/Workspace/project_templates/mcu/stm32_ws/build/fw_racer_core/SEGGER_RTT_printf.o
 .debug_abbrev  0x0000000000000508       0x64 /home/rdu/Workspace/project_templates/mcu/stm32_ws/build/fw_racer_core/main.o
 .debug_abbrev  0x000000000000056c      0x27b /home/rdu/Workspace/project_templates/mcu/stm32_ws/build/fw_racer_core/racerio_can.o
 .debug_abbrev  0x00000000000007e7      0x1a0 /home/rdu/Workspace/project_templates/mcu/stm32_ws/build/fw_racer_core/racerio_timer.o
 .debug_abbrev  0x0000000000000987      0x1e6 /home/rdu/Workspace/project_templates/mcu/stm32_ws/build/fw_racer_core/list.o
 .debug_abbrev  0x0000000000000b6d      0x369 /home/rdu/Workspace/project_templates/mcu/stm32_ws/build/fw_racer_core/tasks.o
 .debug_abbrev  0x0000000000000ed6      0x20f /home/rdu/Workspace/project_templates/mcu/stm32_ws/build/fw_racer_core/port.o
 .debug_abbrev  0x00000000000010e5      0x15c /home/rdu/Workspace/project_templates/mcu/stm32_ws/build/fw_racer_core/system_stm32f4xx.o
 .debug_abbrev  0x0000000000001241      0x1ec /home/rdu/Workspace/project_templates/mcu/stm32_ws/build/fw_racer_core/stm32f4xx_can.o
 .debug_abbrev  0x000000000000142d      0x19e /home/rdu/Workspace/project_templates/mcu/stm32_ws/build/fw_racer_core/stm32f4xx_tim.o

.debug_loc      0x0000000000000000     0x2b6a
 .debug_loc     0x0000000000000000      0x5ac /home/rdu/Workspace/project_templates/mcu/stm32_ws/build/fw_racer_core/SEGGER_RTT.o
 .debug_loc     0x00000000000005ac      0x13d /home/rdu/Workspace/project_templates/mcu/stm32_ws/build/fw_racer_core/SEGGER_RTT_printf.o
 .debug_loc     0x00000000000006e9      0x118 /home/rdu/Workspace/project_templates/mcu/stm32_ws/build/fw_racer_core/racerio_can.o
 .debug_loc     0x0000000000000801       0xc8 /home/rdu/Workspace/project_templates/mcu/stm32_ws/build/fw_racer_core/racerio_timer.o
 .debug_loc     0x00000000000008c9       0xdc /home/rdu/Workspace/project_templates/mcu/stm32_ws/build/fw_racer_core/list.o
 .debug_loc     0x00000000000009a5      0xb35 /home/rdu/Workspace/project_templates/mcu/stm32_ws/build/fw_racer_core/tasks.o
 .debug_loc     0x00000000000014da      0x178 /home/rdu/Workspace/project_templates/mcu/stm32_ws/build/fw_racer_core/port.o
 .debug_loc     0x0000000000001652       0x78 /home/rdu/Workspace/project_templates/mcu/stm32_ws/build/fw_racer_core/system_stm32f4xx.o
 .debug_loc     0x00000000000016ca      0x47c /home/rdu/Workspace/project_templates/mcu/stm32_ws/build/fw_racer_core/stm32f4xx_can.o
 .debug_loc     0x0000000000001b46     0x1024 /home/rdu/Workspace/project_templates/mcu/stm32_ws/build/fw_racer_core/stm32f4xx_tim.o

.debug_aranges  0x0000000000000000      0x878
 .debug_aranges
                0x0000000000000000       0xf0 /home/rdu/Workspace/project_templates/mcu/stm32_ws/build/fw_racer_core/SEGGER_RTT.o
 .debug_aranges
                0x00000000000000f0       0x40 /home/rdu/Workspace/project_templates/mcu/stm32_ws/build/fw_racer_core/SEGGER_RTT_printf.o
 .debug_aranges
                0x0000000000000130       0x20 /home/rdu/Workspace/project_templates/mcu/stm32_ws/build/fw_racer_core/main.o
 .debug_aranges
                0x0000000000000150       0x40 /home/rdu/Workspace/project_templates/mcu/stm32_ws/build/fw_racer_core/racerio_can.o
 .debug_aranges
                0x0000000000000190       0x38 /home/rdu/Workspace/project_templates/mcu/stm32_ws/build/fw_racer_core/racerio_timer.o
 .debug_aranges
                0x00000000000001c8       0x40 /home/rdu/Workspace/project_templates/mcu/stm32_ws/build/fw_racer_core/list.o
 .debug_aranges
                0x0000000000000208      0x1e8 /home/rdu/Workspace/project_templates/mcu/stm32_ws/build/fw_racer_core/tasks.o
 .debug_aranges
                0x00000000000003f0       0x80 /home/rdu/Workspace/project_templates/mcu/stm32_ws/build/fw_racer_core/port.o
 .debug_aranges
                0x0000000000000470       0x30 /home/rdu/Workspace/project_templates/mcu/stm32_ws/build/fw_racer_core/system_stm32f4xx.o
 .debug_aranges
                0x00000000000004a0       0xe0 /home/rdu/Workspace/project_templates/mcu/stm32_ws/build/fw_racer_core/stm32f4xx_can.o
 .debug_aranges
                0x0000000000000580      0x2f8 /home/rdu/Workspace/project_templates/mcu/stm32_ws/build/fw_racer_core/stm32f4xx_tim.o

.debug_ranges   0x0000000000000000      0x7e0
 .debug_ranges  0x0000000000000000       0xe0 /home/rdu/Workspace/project_templates/mcu/stm32_ws/build/fw_racer_core/SEGGER_RTT.o
 .debug_ranges  0x00000000000000e0       0x48 /home/rdu/Workspace/project_templates/mcu/stm32_ws/build/fw_racer_core/SEGGER_RTT_printf.o
 .debug_ranges  0x0000000000000128       0x10 /home/rdu/Workspace/project_templates/mcu/stm32_ws/build/fw_racer_core/main.o
 .debug_ranges  0x0000000000000138       0x30 /home/rdu/Workspace/project_templates/mcu/stm32_ws/build/fw_racer_core/racerio_can.o
 .debug_ranges  0x0000000000000168       0x28 /home/rdu/Workspace/project_templates/mcu/stm32_ws/build/fw_racer_core/racerio_timer.o
 .debug_ranges  0x0000000000000190       0x30 /home/rdu/Workspace/project_templates/mcu/stm32_ws/build/fw_racer_core/list.o
 .debug_ranges  0x00000000000001c0      0x1d8 /home/rdu/Workspace/project_templates/mcu/stm32_ws/build/fw_racer_core/tasks.o
 .debug_ranges  0x0000000000000398       0x70 /home/rdu/Workspace/project_templates/mcu/stm32_ws/build/fw_racer_core/port.o
 .debug_ranges  0x0000000000000408       0x20 /home/rdu/Workspace/project_templates/mcu/stm32_ws/build/fw_racer_core/system_stm32f4xx.o
 .debug_ranges  0x0000000000000428       0xd0 /home/rdu/Workspace/project_templates/mcu/stm32_ws/build/fw_racer_core/stm32f4xx_can.o
 .debug_ranges  0x00000000000004f8      0x2e8 /home/rdu/Workspace/project_templates/mcu/stm32_ws/build/fw_racer_core/stm32f4xx_tim.o

.debug_line     0x0000000000000000     0x3e26
 .debug_line    0x0000000000000000      0x4e0 /home/rdu/Workspace/project_templates/mcu/stm32_ws/build/fw_racer_core/SEGGER_RTT.o
 .debug_line    0x00000000000004e0      0x34f /home/rdu/Workspace/project_templates/mcu/stm32_ws/build/fw_racer_core/SEGGER_RTT_printf.o
 .debug_line    0x000000000000082f       0xfd /home/rdu/Workspace/project_templates/mcu/stm32_ws/build/fw_racer_core/main.o
 .debug_line    0x000000000000092c      0x445 /home/rdu/Workspace/project_templates/mcu/stm32_ws/build/fw_racer_core/racerio_can.o
 .debug_line    0x0000000000000d71      0x3a0 /home/rdu/Workspace/project_templates/mcu/stm32_ws/build/fw_racer_core/racerio_timer.o
 .debug_line    0x0000000000001111      0x3e3 /home/rdu/Workspace/project_templates/mcu/stm32_ws/build/fw_racer_core/list.o
 .debug_line    0x00000000000014f4      0xff3 /home/rdu/Workspace/project_templates/mcu/stm32_ws/build/fw_racer_core/tasks.o
 .debug_line    0x00000000000024e7      0x457 /home/rdu/Workspace/project_templates/mcu/stm32_ws/build/fw_racer_core/port.o
 .debug_line    0x000000000000293e      0x2ee /home/rdu/Workspace/project_templates/mcu/stm32_ws/build/fw_racer_core/system_stm32f4xx.o
 .debug_line    0x0000000000002c2c      0x650 /home/rdu/Workspace/project_templates/mcu/stm32_ws/build/fw_racer_core/stm32f4xx_can.o
 .debug_line    0x000000000000327c      0xbaa /home/rdu/Workspace/project_templates/mcu/stm32_ws/build/fw_racer_core/stm32f4xx_tim.o

.debug_str      0x0000000000000000     0x3979
 .debug_str     0x0000000000000000      0x968 /home/rdu/Workspace/project_templates/mcu/stm32_ws/build/fw_racer_core/SEGGER_RTT.o
                                        0x9f2 (size before relaxing)
 .debug_str     0x0000000000000968      0x14f /home/rdu/Workspace/project_templates/mcu/stm32_ws/build/fw_racer_core/SEGGER_RTT_printf.o
                                        0x808 (size before relaxing)
 .debug_str     0x0000000000000ab7       0x22 /home/rdu/Workspace/project_templates/mcu/stm32_ws/build/fw_racer_core/main.o
                                        0x21d (size before relaxing)
 .debug_str     0x0000000000000ad9      0xad5 /home/rdu/Workspace/project_templates/mcu/stm32_ws/build/fw_racer_core/racerio_can.o
                                       0x1189 (size before relaxing)
 .debug_str     0x00000000000015ae      0x26c /home/rdu/Workspace/project_templates/mcu/stm32_ws/build/fw_racer_core/racerio_timer.o
                                        0xcbc (size before relaxing)
 .debug_str     0x000000000000181a      0x18c /home/rdu/Workspace/project_templates/mcu/stm32_ws/build/fw_racer_core/list.o
                                        0x798 (size before relaxing)
 .debug_str     0x00000000000019a6      0xdb3 /home/rdu/Workspace/project_templates/mcu/stm32_ws/build/fw_racer_core/tasks.o
                                       0x14e7 (size before relaxing)
 .debug_str     0x0000000000002759      0x236 /home/rdu/Workspace/project_templates/mcu/stm32_ws/build/fw_racer_core/port.o
                                        0x4f8 (size before relaxing)
 .debug_str     0x000000000000298f      0x24b /home/rdu/Workspace/project_templates/mcu/stm32_ws/build/fw_racer_core/system_stm32f4xx.o
                                        0x4fc (size before relaxing)
 .debug_str     0x0000000000002bda      0x34c /home/rdu/Workspace/project_templates/mcu/stm32_ws/build/fw_racer_core/stm32f4xx_can.o
                                        0x85e (size before relaxing)
 .debug_str     0x0000000000002f26      0xa53 /home/rdu/Workspace/project_templates/mcu/stm32_ws/build/fw_racer_core/stm32f4xx_tim.o
                                        0xef0 (size before relaxing)

.comment        0x0000000000000000       0x7e
 .comment       0x0000000000000000       0x7e /home/rdu/Workspace/project_templates/mcu/stm32_ws/build/fw_racer_core/SEGGER_RTT.o
                                         0x7f (size before relaxing)
 .comment       0x000000000000007e       0x7f /home/rdu/Workspace/project_templates/mcu/stm32_ws/build/fw_racer_core/SEGGER_RTT_printf.o
 .comment       0x000000000000007e       0x7f /home/rdu/Workspace/project_templates/mcu/stm32_ws/build/fw_racer_core/main.o
 .comment       0x000000000000007e       0x7f /home/rdu/Workspace/project_templates/mcu/stm32_ws/build/fw_racer_core/racerio_can.o
 .comment       0x000000000000007e       0x7f /home/rdu/Workspace/project_templates/mcu/stm32_ws/build/fw_racer_core/racerio_timer.o
 .comment       0x000000000000007e       0x7f /home/rdu/Workspace/project_templates/mcu/stm32_ws/build/fw_racer_core/list.o
 .comment       0x000000000000007e       0x7f /home/rdu/Workspace/project_templates/mcu/stm32_ws/build/fw_racer_core/tasks.o
 .comment       0x000000000000007e       0x7f /home/rdu/Workspace/project_templates/mcu/stm32_ws/build/fw_racer_core/port.o
 .comment       0x000000000000007e       0x7f /home/rdu/Workspace/project_templates/mcu/stm32_ws/build/fw_racer_core/system_stm32f4xx.o
 .comment       0x000000000000007e       0x7f /home/rdu/Workspace/project_templates/mcu/stm32_ws/build/fw_racer_core/stm32f4xx_can.o
 .comment       0x000000000000007e       0x7f /home/rdu/Workspace/project_templates/mcu/stm32_ws/build/fw_racer_core/stm32f4xx_tim.o

.debug_frame    0x0000000000000000     0x18fc
 .debug_frame   0x0000000000000000      0x324 /home/rdu/Workspace/project_templates/mcu/stm32_ws/build/fw_racer_core/SEGGER_RTT.o
 .debug_frame   0x0000000000000324       0xc4 /home/rdu/Workspace/project_templates/mcu/stm32_ws/build/fw_racer_core/SEGGER_RTT_printf.o
 .debug_frame   0x00000000000003e8       0x20 /home/rdu/Workspace/project_templates/mcu/stm32_ws/build/fw_racer_core/main.o
 .debug_frame   0x0000000000000408       0xa0 /home/rdu/Workspace/project_templates/mcu/stm32_ws/build/fw_racer_core/racerio_can.o
 .debug_frame   0x00000000000004a8       0x80 /home/rdu/Workspace/project_templates/mcu/stm32_ws/build/fw_racer_core/racerio_timer.o
 .debug_frame   0x0000000000000528       0x88 /home/rdu/Workspace/project_templates/mcu/stm32_ws/build/fw_racer_core/list.o
 .debug_frame   0x00000000000005b0      0x66c /home/rdu/Workspace/project_templates/mcu/stm32_ws/build/fw_racer_core/tasks.o
 .debug_frame   0x0000000000000c1c      0x12c /home/rdu/Workspace/project_templates/mcu/stm32_ws/build/fw_racer_core/port.o
 .debug_frame   0x0000000000000d48       0x5c /home/rdu/Workspace/project_templates/mcu/stm32_ws/build/fw_racer_core/system_stm32f4xx.o
 .debug_frame   0x0000000000000da4      0x280 /home/rdu/Workspace/project_templates/mcu/stm32_ws/build/fw_racer_core/stm32f4xx_can.o
 .debug_frame   0x0000000000001024      0x8d8 /home/rdu/Workspace/project_templates/mcu/stm32_ws/build/fw_racer_core/stm32f4xx_tim.o

Cross Reference Table

Symbol                                            File
ADC_AnalogWatchdogCmd                             /home/rdu/Workspace/project_templates/mcu/stm32_ws/build/fw_racer_core/stm32f4xx_adc.o
ADC_AnalogWatchdogSingleChannelConfig             /home/rdu/Workspace/project_templates/mcu/stm32_ws/build/fw_racer_core/stm32f4xx_adc.o
ADC_AnalogWatchdogThresholdsConfig                /home/rdu/Workspace/project_templates/mcu/stm32_ws/build/fw_racer_core/stm32f4xx_adc.o
ADC_AutoInjectedConvCmd                           /home/rdu/Workspace/project_templates/mcu/stm32_ws/build/fw_racer_core/stm32f4xx_adc.o
ADC_ClearFlag                                     /home/rdu/Workspace/project_templates/mcu/stm32_ws/build/fw_racer_core/stm32f4xx_adc.o
ADC_ClearITPendingBit                             /home/rdu/Workspace/project_templates/mcu/stm32_ws/build/fw_racer_core/stm32f4xx_adc.o
ADC_Cmd                                           /home/rdu/Workspace/project_templates/mcu/stm32_ws/build/fw_racer_core/stm32f4xx_adc.o
ADC_CommonInit                                    /home/rdu/Workspace/project_templates/mcu/stm32_ws/build/fw_racer_core/stm32f4xx_adc.o
ADC_CommonStructInit                              /home/rdu/Workspace/project_templates/mcu/stm32_ws/build/fw_racer_core/stm32f4xx_adc.o
ADC_ContinuousModeCmd                             /home/rdu/Workspace/project_templates/mcu/stm32_ws/build/fw_racer_core/stm32f4xx_adc.o
ADC_DMACmd                                        /home/rdu/Workspace/project_templates/mcu/stm32_ws/build/fw_racer_core/stm32f4xx_adc.o
ADC_DMARequestAfterLastTransferCmd                /home/rdu/Workspace/project_templates/mcu/stm32_ws/build/fw_racer_core/stm32f4xx_adc.o
ADC_DeInit                                        /home/rdu/Workspace/project_templates/mcu/stm32_ws/build/fw_racer_core/stm32f4xx_adc.o
ADC_DiscModeChannelCountConfig                    /home/rdu/Workspace/project_templates/mcu/stm32_ws/build/fw_racer_core/stm32f4xx_adc.o
ADC_DiscModeCmd                                   /home/rdu/Workspace/project_templates/mcu/stm32_ws/build/fw_racer_core/stm32f4xx_adc.o
ADC_EOCOnEachRegularChannelCmd                    /home/rdu/Workspace/project_templates/mcu/stm32_ws/build/fw_racer_core/stm32f4xx_adc.o
ADC_ExternalTrigInjectedConvConfig                /home/rdu/Workspace/project_templates/mcu/stm32_ws/build/fw_racer_core/stm32f4xx_adc.o
ADC_ExternalTrigInjectedConvEdgeConfig            /home/rdu/Workspace/project_templates/mcu/stm32_ws/build/fw_racer_core/stm32f4xx_adc.o
ADC_GetConversionValue                            /home/rdu/Workspace/project_templates/mcu/stm32_ws/build/fw_racer_core/stm32f4xx_adc.o
ADC_GetFlagStatus                                 /home/rdu/Workspace/project_templates/mcu/stm32_ws/build/fw_racer_core/stm32f4xx_adc.o
ADC_GetITStatus                                   /home/rdu/Workspace/project_templates/mcu/stm32_ws/build/fw_racer_core/stm32f4xx_adc.o
ADC_GetInjectedConversionValue                    /home/rdu/Workspace/project_templates/mcu/stm32_ws/build/fw_racer_core/stm32f4xx_adc.o
ADC_GetMultiModeConversionValue                   /home/rdu/Workspace/project_templates/mcu/stm32_ws/build/fw_racer_core/stm32f4xx_adc.o
ADC_GetSoftwareStartConvStatus                    /home/rdu/Workspace/project_templates/mcu/stm32_ws/build/fw_racer_core/stm32f4xx_adc.o
ADC_GetSoftwareStartInjectedConvCmdStatus         /home/rdu/Workspace/project_templates/mcu/stm32_ws/build/fw_racer_core/stm32f4xx_adc.o
ADC_IRQHandler                                    /home/rdu/Workspace/project_templates/mcu/stm32_ws/build/fw_racer_core/startup_stm32f40xx.o
ADC_ITConfig                                      /home/rdu/Workspace/project_templates/mcu/stm32_ws/build/fw_racer_core/stm32f4xx_adc.o
ADC_Init                                          /home/rdu/Workspace/project_templates/mcu/stm32_ws/build/fw_racer_core/stm32f4xx_adc.o
ADC_InjectedChannelConfig                         /home/rdu/Workspace/project_templates/mcu/stm32_ws/build/fw_racer_core/stm32f4xx_adc.o
ADC_InjectedDiscModeCmd                           /home/rdu/Workspace/project_templates/mcu/stm32_ws/build/fw_racer_core/stm32f4xx_adc.o
ADC_InjectedSequencerLengthConfig                 /home/rdu/Workspace/project_templates/mcu/stm32_ws/build/fw_racer_core/stm32f4xx_adc.o
ADC_MultiModeDMARequestAfterLastTransferCmd       /home/rdu/Workspace/project_templates/mcu/stm32_ws/build/fw_racer_core/stm32f4xx_adc.o
ADC_RegularChannelConfig                          /home/rdu/Workspace/project_templates/mcu/stm32_ws/build/fw_racer_core/stm32f4xx_adc.o
ADC_SetInjectedOffset                             /home/rdu/Workspace/project_templates/mcu/stm32_ws/build/fw_racer_core/stm32f4xx_adc.o
ADC_SoftwareStartConv                             /home/rdu/Workspace/project_templates/mcu/stm32_ws/build/fw_racer_core/stm32f4xx_adc.o
ADC_SoftwareStartInjectedConv                     /home/rdu/Workspace/project_templates/mcu/stm32_ws/build/fw_racer_core/stm32f4xx_adc.o
ADC_StructInit                                    /home/rdu/Workspace/project_templates/mcu/stm32_ws/build/fw_racer_core/stm32f4xx_adc.o
ADC_TempSensorVrefintCmd                          /home/rdu/Workspace/project_templates/mcu/stm32_ws/build/fw_racer_core/stm32f4xx_adc.o
ADC_VBATCmd                                       /home/rdu/Workspace/project_templates/mcu/stm32_ws/build/fw_racer_core/stm32f4xx_adc.o
AHBPrescTable                                     /home/rdu/Workspace/project_templates/mcu/stm32_ws/build/fw_racer_core/system_stm32f4xx.o
BusFault_Handler                                  /home/rdu/Workspace/project_templates/mcu/stm32_ws/build/fw_racer_core/startup_stm32f40xx.o
CAN1_RX0_IRQHandler                               /home/rdu/Workspace/project_templates/mcu/stm32_ws/build/fw_racer_core/startup_stm32f40xx.o
CAN1_RX1_IRQHandler                               /home/rdu/Workspace/project_templates/mcu/stm32_ws/build/fw_racer_core/startup_stm32f40xx.o
CAN1_SCE_IRQHandler                               /home/rdu/Workspace/project_templates/mcu/stm32_ws/build/fw_racer_core/startup_stm32f40xx.o
CAN1_TX_IRQHandler                                /home/rdu/Workspace/project_templates/mcu/stm32_ws/build/fw_racer_core/startup_stm32f40xx.o
CAN2_RX0_IRQHandler                               /home/rdu/Workspace/project_templates/mcu/stm32_ws/build/fw_racer_core/racerio_can.o
                                                  /home/rdu/Workspace/project_templates/mcu/stm32_ws/build/fw_racer_core/startup_stm32f40xx.o
CAN2_RX1_IRQHandler                               /home/rdu/Workspace/project_templates/mcu/stm32_ws/build/fw_racer_core/startup_stm32f40xx.o
CAN2_SCE_IRQHandler                               /home/rdu/Workspace/project_templates/mcu/stm32_ws/build/fw_racer_core/startup_stm32f40xx.o
CAN2_TX_IRQHandler                                /home/rdu/Workspace/project_templates/mcu/stm32_ws/build/fw_racer_core/startup_stm32f40xx.o
CAN_CancelTransmit                                /home/rdu/Workspace/project_templates/mcu/stm32_ws/build/fw_racer_core/stm32f4xx_can.o
CAN_ClearFlag                                     /home/rdu/Workspace/project_templates/mcu/stm32_ws/build/fw_racer_core/stm32f4xx_can.o
CAN_ClearITPendingBit                             /home/rdu/Workspace/project_templates/mcu/stm32_ws/build/fw_racer_core/stm32f4xx_can.o
CAN_DBGFreeze                                     /home/rdu/Workspace/project_templates/mcu/stm32_ws/build/fw_racer_core/stm32f4xx_can.o
CAN_DeInit                                        /home/rdu/Workspace/project_templates/mcu/stm32_ws/build/fw_racer_core/stm32f4xx_can.o
                                                  /home/rdu/Workspace/project_templates/mcu/stm32_ws/build/fw_racer_core/racerio_can.o
CAN_FIFORelease                                   /home/rdu/Workspace/project_templates/mcu/stm32_ws/build/fw_racer_core/stm32f4xx_can.o
CAN_FilterInit                                    /home/rdu/Workspace/project_templates/mcu/stm32_ws/build/fw_racer_core/stm32f4xx_can.o
                                                  /home/rdu/Workspace/project_templates/mcu/stm32_ws/build/fw_racer_core/racerio_can.o
CAN_GetFlagStatus                                 /home/rdu/Workspace/project_templates/mcu/stm32_ws/build/fw_racer_core/stm32f4xx_can.o
CAN_GetITStatus                                   /home/rdu/Workspace/project_templates/mcu/stm32_ws/build/fw_racer_core/stm32f4xx_can.o
CAN_GetLSBTransmitErrorCounter                    /home/rdu/Workspace/project_templates/mcu/stm32_ws/build/fw_racer_core/stm32f4xx_can.o
CAN_GetLastErrorCode                              /home/rdu/Workspace/project_templates/mcu/stm32_ws/build/fw_racer_core/stm32f4xx_can.o
CAN_GetReceiveErrorCounter                        /home/rdu/Workspace/project_templates/mcu/stm32_ws/build/fw_racer_core/stm32f4xx_can.o
CAN_ITConfig                                      /home/rdu/Workspace/project_templates/mcu/stm32_ws/build/fw_racer_core/stm32f4xx_can.o
                                                  /home/rdu/Workspace/project_templates/mcu/stm32_ws/build/fw_racer_core/racerio_can.o
CAN_Init                                          /home/rdu/Workspace/project_templates/mcu/stm32_ws/build/fw_racer_core/stm32f4xx_can.o
                                                  /home/rdu/Workspace/project_templates/mcu/stm32_ws/build/fw_racer_core/racerio_can.o
CAN_MessagePending                                /home/rdu/Workspace/project_templates/mcu/stm32_ws/build/fw_racer_core/stm32f4xx_can.o
CAN_OperatingModeRequest                          /home/rdu/Workspace/project_templates/mcu/stm32_ws/build/fw_racer_core/stm32f4xx_can.o
CAN_Receive                                       /home/rdu/Workspace/project_templates/mcu/stm32_ws/build/fw_racer_core/stm32f4xx_can.o
                                                  /home/rdu/Workspace/project_templates/mcu/stm32_ws/build/fw_racer_core/racerio_can.o
CAN_SlaveStartBank                                /home/rdu/Workspace/project_templates/mcu/stm32_ws/build/fw_racer_core/stm32f4xx_can.o
CAN_Sleep                                         /home/rdu/Workspace/project_templates/mcu/stm32_ws/build/fw_racer_core/stm32f4xx_can.o
CAN_StructInit                                    /home/rdu/Workspace/project_templates/mcu/stm32_ws/build/fw_racer_core/stm32f4xx_can.o
CAN_TTComModeCmd                                  /home/rdu/Workspace/project_templates/mcu/stm32_ws/build/fw_racer_core/stm32f4xx_can.o
CAN_Transmit                                      /home/rdu/Workspace/project_templates/mcu/stm32_ws/build/fw_racer_core/stm32f4xx_can.o
                                                  /home/rdu/Workspace/project_templates/mcu/stm32_ws/build/fw_racer_core/racerio_can.o
CAN_TransmitStatus                                /home/rdu/Workspace/project_templates/mcu/stm32_ws/build/fw_racer_core/stm32f4xx_can.o
CAN_WakeUp                                        /home/rdu/Workspace/project_templates/mcu/stm32_ws/build/fw_racer_core/stm32f4xx_can.o
CRC_CalcBlockCRC                                  /home/rdu/Workspace/project_templates/mcu/stm32_ws/build/fw_racer_core/stm32f4xx_crc.o
CRC_CalcCRC                                       /home/rdu/Workspace/project_templates/mcu/stm32_ws/build/fw_racer_core/stm32f4xx_crc.o
CRC_GetCRC                                        /home/rdu/Workspace/project_templates/mcu/stm32_ws/build/fw_racer_core/stm32f4xx_crc.o
CRC_GetIDRegister                                 /home/rdu/Workspace/project_templates/mcu/stm32_ws/build/fw_racer_core/stm32f4xx_crc.o
CRC_ResetDR                                       /home/rdu/Workspace/project_templates/mcu/stm32_ws/build/fw_racer_core/stm32f4xx_crc.o
CRC_SetIDRegister                                 /home/rdu/Workspace/project_templates/mcu/stm32_ws/build/fw_racer_core/stm32f4xx_crc.o
CRYP_AES_CBC                                      /home/rdu/Workspace/project_templates/mcu/stm32_ws/build/fw_racer_core/stm32f4xx_cryp_aes.o
CRYP_AES_CCM                                      /home/rdu/Workspace/project_templates/mcu/stm32_ws/build/fw_racer_core/stm32f4xx_cryp_aes.o
CRYP_AES_CTR                                      /home/rdu/Workspace/project_templates/mcu/stm32_ws/build/fw_racer_core/stm32f4xx_cryp_aes.o
CRYP_AES_ECB                                      /home/rdu/Workspace/project_templates/mcu/stm32_ws/build/fw_racer_core/stm32f4xx_cryp_aes.o
CRYP_AES_GCM                                      /home/rdu/Workspace/project_templates/mcu/stm32_ws/build/fw_racer_core/stm32f4xx_cryp_aes.o
CRYP_Cmd                                          /home/rdu/Workspace/project_templates/mcu/stm32_ws/build/fw_racer_core/stm32f4xx_cryp.o
                                                  /home/rdu/Workspace/project_templates/mcu/stm32_ws/build/fw_racer_core/stm32f4xx_cryp_tdes.o
                                                  /home/rdu/Workspace/project_templates/mcu/stm32_ws/build/fw_racer_core/stm32f4xx_cryp_des.o
                                                  /home/rdu/Workspace/project_templates/mcu/stm32_ws/build/fw_racer_core/stm32f4xx_cryp_aes.o
CRYP_DES_CBC                                      /home/rdu/Workspace/project_templates/mcu/stm32_ws/build/fw_racer_core/stm32f4xx_cryp_des.o
CRYP_DES_ECB                                      /home/rdu/Workspace/project_templates/mcu/stm32_ws/build/fw_racer_core/stm32f4xx_cryp_des.o
CRYP_DMACmd                                       /home/rdu/Workspace/project_templates/mcu/stm32_ws/build/fw_racer_core/stm32f4xx_cryp.o
CRYP_DataIn                                       /home/rdu/Workspace/project_templates/mcu/stm32_ws/build/fw_racer_core/stm32f4xx_cryp.o
                                                  /home/rdu/Workspace/project_templates/mcu/stm32_ws/build/fw_racer_core/stm32f4xx_cryp_tdes.o
                                                  /home/rdu/Workspace/project_templates/mcu/stm32_ws/build/fw_racer_core/stm32f4xx_cryp_des.o
                                                  /home/rdu/Workspace/project_templates/mcu/stm32_ws/build/fw_racer_core/stm32f4xx_cryp_aes.o
CRYP_DataOut                                      /home/rdu/Workspace/project_templates/mcu/stm32_ws/build/fw_racer_core/stm32f4xx_cryp.o
                                                  /home/rdu/Workspace/project_templates/mcu/stm32_ws/build/fw_racer_core/stm32f4xx_cryp_tdes.o
                                                  /home/rdu/Workspace/project_templates/mcu/stm32_ws/build/fw_racer_core/stm32f4xx_cryp_des.o
                                                  /home/rdu/Workspace/project_templates/mcu/stm32_ws/build/fw_racer_core/stm32f4xx_cryp_aes.o
CRYP_DeInit                                       /home/rdu/Workspace/project_templates/mcu/stm32_ws/build/fw_racer_core/stm32f4xx_cryp.o
CRYP_FIFOFlush                                    /home/rdu/Workspace/project_templates/mcu/stm32_ws/build/fw_racer_core/stm32f4xx_cryp.o
                                                  /home/rdu/Workspace/project_templates/mcu/stm32_ws/build/fw_racer_core/stm32f4xx_cryp_tdes.o
                                                  /home/rdu/Workspace/project_templates/mcu/stm32_ws/build/fw_racer_core/stm32f4xx_cryp_des.o
                                                  /home/rdu/Workspace/project_templates/mcu/stm32_ws/build/fw_racer_core/stm32f4xx_cryp_aes.o
CRYP_GetCmdStatus                                 /home/rdu/Workspace/project_templates/mcu/stm32_ws/build/fw_racer_core/stm32f4xx_cryp.o
                                                  /home/rdu/Workspace/project_templates/mcu/stm32_ws/build/fw_racer_core/stm32f4xx_cryp_tdes.o
                                                  /home/rdu/Workspace/project_templates/mcu/stm32_ws/build/fw_racer_core/stm32f4xx_cryp_des.o
                                                  /home/rdu/Workspace/project_templates/mcu/stm32_ws/build/fw_racer_core/stm32f4xx_cryp_aes.o
CRYP_GetFlagStatus                                /home/rdu/Workspace/project_templates/mcu/stm32_ws/build/fw_racer_core/stm32f4xx_cryp.o
                                                  /home/rdu/Workspace/project_templates/mcu/stm32_ws/build/fw_racer_core/stm32f4xx_cryp_tdes.o
                                                  /home/rdu/Workspace/project_templates/mcu/stm32_ws/build/fw_racer_core/stm32f4xx_cryp_des.o
                                                  /home/rdu/Workspace/project_templates/mcu/stm32_ws/build/fw_racer_core/stm32f4xx_cryp_aes.o
CRYP_GetITStatus                                  /home/rdu/Workspace/project_templates/mcu/stm32_ws/build/fw_racer_core/stm32f4xx_cryp.o
CRYP_IRQHandler                                   /home/rdu/Workspace/project_templates/mcu/stm32_ws/build/fw_racer_core/startup_stm32f40xx.o
CRYP_ITConfig                                     /home/rdu/Workspace/project_templates/mcu/stm32_ws/build/fw_racer_core/stm32f4xx_cryp.o
CRYP_IVInit                                       /home/rdu/Workspace/project_templates/mcu/stm32_ws/build/fw_racer_core/stm32f4xx_cryp.o
                                                  /home/rdu/Workspace/project_templates/mcu/stm32_ws/build/fw_racer_core/stm32f4xx_cryp_tdes.o
                                                  /home/rdu/Workspace/project_templates/mcu/stm32_ws/build/fw_racer_core/stm32f4xx_cryp_des.o
                                                  /home/rdu/Workspace/project_templates/mcu/stm32_ws/build/fw_racer_core/stm32f4xx_cryp_aes.o
CRYP_IVStructInit                                 /home/rdu/Workspace/project_templates/mcu/stm32_ws/build/fw_racer_core/stm32f4xx_cryp.o
CRYP_Init                                         /home/rdu/Workspace/project_templates/mcu/stm32_ws/build/fw_racer_core/stm32f4xx_cryp.o
                                                  /home/rdu/Workspace/project_templates/mcu/stm32_ws/build/fw_racer_core/stm32f4xx_cryp_tdes.o
                                                  /home/rdu/Workspace/project_templates/mcu/stm32_ws/build/fw_racer_core/stm32f4xx_cryp_des.o
                                                  /home/rdu/Workspace/project_templates/mcu/stm32_ws/build/fw_racer_core/stm32f4xx_cryp_aes.o
CRYP_KeyInit                                      /home/rdu/Workspace/project_templates/mcu/stm32_ws/build/fw_racer_core/stm32f4xx_cryp.o
                                                  /home/rdu/Workspace/project_templates/mcu/stm32_ws/build/fw_racer_core/stm32f4xx_cryp_tdes.o
                                                  /home/rdu/Workspace/project_templates/mcu/stm32_ws/build/fw_racer_core/stm32f4xx_cryp_des.o
                                                  /home/rdu/Workspace/project_templates/mcu/stm32_ws/build/fw_racer_core/stm32f4xx_cryp_aes.o
CRYP_KeyStructInit                                /home/rdu/Workspace/project_templates/mcu/stm32_ws/build/fw_racer_core/stm32f4xx_cryp.o
                                                  /home/rdu/Workspace/project_templates/mcu/stm32_ws/build/fw_racer_core/stm32f4xx_cryp_tdes.o
                                                  /home/rdu/Workspace/project_templates/mcu/stm32_ws/build/fw_racer_core/stm32f4xx_cryp_des.o
                                                  /home/rdu/Workspace/project_templates/mcu/stm32_ws/build/fw_racer_core/stm32f4xx_cryp_aes.o
CRYP_PhaseConfig                                  /home/rdu/Workspace/project_templates/mcu/stm32_ws/build/fw_racer_core/stm32f4xx_cryp.o
                                                  /home/rdu/Workspace/project_templates/mcu/stm32_ws/build/fw_racer_core/stm32f4xx_cryp_aes.o
CRYP_RestoreContext                               /home/rdu/Workspace/project_templates/mcu/stm32_ws/build/fw_racer_core/stm32f4xx_cryp.o
CRYP_SaveContext                                  /home/rdu/Workspace/project_templates/mcu/stm32_ws/build/fw_racer_core/stm32f4xx_cryp.o
CRYP_StructInit                                   /home/rdu/Workspace/project_templates/mcu/stm32_ws/build/fw_racer_core/stm32f4xx_cryp.o
CRYP_TDES_CBC                                     /home/rdu/Workspace/project_templates/mcu/stm32_ws/build/fw_racer_core/stm32f4xx_cryp_tdes.o
CRYP_TDES_ECB                                     /home/rdu/Workspace/project_templates/mcu/stm32_ws/build/fw_racer_core/stm32f4xx_cryp_tdes.o
DAC_ClearFlag                                     /home/rdu/Workspace/project_templates/mcu/stm32_ws/build/fw_racer_core/stm32f4xx_dac.o
DAC_ClearITPendingBit                             /home/rdu/Workspace/project_templates/mcu/stm32_ws/build/fw_racer_core/stm32f4xx_dac.o
DAC_Cmd                                           /home/rdu/Workspace/project_templates/mcu/stm32_ws/build/fw_racer_core/stm32f4xx_dac.o
DAC_DMACmd                                        /home/rdu/Workspace/project_templates/mcu/stm32_ws/build/fw_racer_core/stm32f4xx_dac.o
DAC_DeInit                                        /home/rdu/Workspace/project_templates/mcu/stm32_ws/build/fw_racer_core/stm32f4xx_dac.o
DAC_DualSoftwareTriggerCmd                        /home/rdu/Workspace/project_templates/mcu/stm32_ws/build/fw_racer_core/stm32f4xx_dac.o
DAC_GetDataOutputValue                            /home/rdu/Workspace/project_templates/mcu/stm32_ws/build/fw_racer_core/stm32f4xx_dac.o
DAC_GetFlagStatus                                 /home/rdu/Workspace/project_templates/mcu/stm32_ws/build/fw_racer_core/stm32f4xx_dac.o
DAC_GetITStatus                                   /home/rdu/Workspace/project_templates/mcu/stm32_ws/build/fw_racer_core/stm32f4xx_dac.o
DAC_ITConfig                                      /home/rdu/Workspace/project_templates/mcu/stm32_ws/build/fw_racer_core/stm32f4xx_dac.o
DAC_Init                                          /home/rdu/Workspace/project_templates/mcu/stm32_ws/build/fw_racer_core/stm32f4xx_dac.o
DAC_SetChannel1Data                               /home/rdu/Workspace/project_templates/mcu/stm32_ws/build/fw_racer_core/stm32f4xx_dac.o
DAC_SetChannel2Data                               /home/rdu/Workspace/project_templates/mcu/stm32_ws/build/fw_racer_core/stm32f4xx_dac.o
DAC_SetDualChannelData                            /home/rdu/Workspace/project_templates/mcu/stm32_ws/build/fw_racer_core/stm32f4xx_dac.o
DAC_SoftwareTriggerCmd                            /home/rdu/Workspace/project_templates/mcu/stm32_ws/build/fw_racer_core/stm32f4xx_dac.o
DAC_StructInit                                    /home/rdu/Workspace/project_templates/mcu/stm32_ws/build/fw_racer_core/stm32f4xx_dac.o
DAC_WaveGenerationCmd                             /home/rdu/Workspace/project_templates/mcu/stm32_ws/build/fw_racer_core/stm32f4xx_dac.o
DBGMCU_APB1PeriphConfig                           /home/rdu/Workspace/project_templates/mcu/stm32_ws/build/fw_racer_core/stm32f4xx_dbgmcu.o
DBGMCU_APB2PeriphConfig                           /home/rdu/Workspace/project_templates/mcu/stm32_ws/build/fw_racer_core/stm32f4xx_dbgmcu.o
DBGMCU_Config                                     /home/rdu/Workspace/project_templates/mcu/stm32_ws/build/fw_racer_core/stm32f4xx_dbgmcu.o
DBGMCU_GetDEVID                                   /home/rdu/Workspace/project_templates/mcu/stm32_ws/build/fw_racer_core/stm32f4xx_dbgmcu.o
DBGMCU_GetREVID                                   /home/rdu/Workspace/project_templates/mcu/stm32_ws/build/fw_racer_core/stm32f4xx_dbgmcu.o
DCMI_CROPCmd                                      /home/rdu/Workspace/project_templates/mcu/stm32_ws/build/fw_racer_core/stm32f4xx_dcmi.o
DCMI_CROPConfig                                   /home/rdu/Workspace/project_templates/mcu/stm32_ws/build/fw_racer_core/stm32f4xx_dcmi.o
DCMI_CaptureCmd                                   /home/rdu/Workspace/project_templates/mcu/stm32_ws/build/fw_racer_core/stm32f4xx_dcmi.o
DCMI_ClearFlag                                    /home/rdu/Workspace/project_templates/mcu/stm32_ws/build/fw_racer_core/stm32f4xx_dcmi.o
DCMI_ClearITPendingBit                            /home/rdu/Workspace/project_templates/mcu/stm32_ws/build/fw_racer_core/stm32f4xx_dcmi.o
DCMI_Cmd                                          /home/rdu/Workspace/project_templates/mcu/stm32_ws/build/fw_racer_core/stm32f4xx_dcmi.o
DCMI_DeInit                                       /home/rdu/Workspace/project_templates/mcu/stm32_ws/build/fw_racer_core/stm32f4xx_dcmi.o
DCMI_GetFlagStatus                                /home/rdu/Workspace/project_templates/mcu/stm32_ws/build/fw_racer_core/stm32f4xx_dcmi.o
DCMI_GetITStatus                                  /home/rdu/Workspace/project_templates/mcu/stm32_ws/build/fw_racer_core/stm32f4xx_dcmi.o
DCMI_IRQHandler                                   /home/rdu/Workspace/project_templates/mcu/stm32_ws/build/fw_racer_core/startup_stm32f40xx.o
DCMI_ITConfig                                     /home/rdu/Workspace/project_templates/mcu/stm32_ws/build/fw_racer_core/stm32f4xx_dcmi.o
DCMI_Init                                         /home/rdu/Workspace/project_templates/mcu/stm32_ws/build/fw_racer_core/stm32f4xx_dcmi.o
DCMI_JPEGCmd                                      /home/rdu/Workspace/project_templates/mcu/stm32_ws/build/fw_racer_core/stm32f4xx_dcmi.o
DCMI_ReadData                                     /home/rdu/Workspace/project_templates/mcu/stm32_ws/build/fw_racer_core/stm32f4xx_dcmi.o
DCMI_SetEmbeddedSynchroCodes                      /home/rdu/Workspace/project_templates/mcu/stm32_ws/build/fw_racer_core/stm32f4xx_dcmi.o
DCMI_StructInit                                   /home/rdu/Workspace/project_templates/mcu/stm32_ws/build/fw_racer_core/stm32f4xx_dcmi.o
DMA1_Stream0_IRQHandler                           /home/rdu/Workspace/project_templates/mcu/stm32_ws/build/fw_racer_core/startup_stm32f40xx.o
DMA1_Stream1_IRQHandler                           /home/rdu/Workspace/project_templates/mcu/stm32_ws/build/fw_racer_core/startup_stm32f40xx.o
DMA1_Stream2_IRQHandler                           /home/rdu/Workspace/project_templates/mcu/stm32_ws/build/fw_racer_core/startup_stm32f40xx.o
DMA1_Stream3_IRQHandler                           /home/rdu/Workspace/project_templates/mcu/stm32_ws/build/fw_racer_core/startup_stm32f40xx.o
DMA1_Stream4_IRQHandler                           /home/rdu/Workspace/project_templates/mcu/stm32_ws/build/fw_racer_core/startup_stm32f40xx.o
DMA1_Stream5_IRQHandler                           /home/rdu/Workspace/project_templates/mcu/stm32_ws/build/fw_racer_core/startup_stm32f40xx.o
DMA1_Stream6_IRQHandler                           /home/rdu/Workspace/project_templates/mcu/stm32_ws/build/fw_racer_core/startup_stm32f40xx.o
DMA1_Stream7_IRQHandler                           /home/rdu/Workspace/project_templates/mcu/stm32_ws/build/fw_racer_core/startup_stm32f40xx.o
DMA2D_AbortTransfer                               /home/rdu/Workspace/project_templates/mcu/stm32_ws/build/fw_racer_core/stm32f4xx_dma2d.o
DMA2D_BGConfig                                    /home/rdu/Workspace/project_templates/mcu/stm32_ws/build/fw_racer_core/stm32f4xx_dma2d.o
DMA2D_BGStart                                     /home/rdu/Workspace/project_templates/mcu/stm32_ws/build/fw_racer_core/stm32f4xx_dma2d.o
DMA2D_BG_StructInit                               /home/rdu/Workspace/project_templates/mcu/stm32_ws/build/fw_racer_core/stm32f4xx_dma2d.o
DMA2D_ClearFlag                                   /home/rdu/Workspace/project_templates/mcu/stm32_ws/build/fw_racer_core/stm32f4xx_dma2d.o
DMA2D_ClearITPendingBit                           /home/rdu/Workspace/project_templates/mcu/stm32_ws/build/fw_racer_core/stm32f4xx_dma2d.o
DMA2D_DeInit                                      /home/rdu/Workspace/project_templates/mcu/stm32_ws/build/fw_racer_core/stm32f4xx_dma2d.o
DMA2D_DeadTimeConfig                              /home/rdu/Workspace/project_templates/mcu/stm32_ws/build/fw_racer_core/stm32f4xx_dma2d.o
DMA2D_FGConfig                                    /home/rdu/Workspace/project_templates/mcu/stm32_ws/build/fw_racer_core/stm32f4xx_dma2d.o
DMA2D_FGStart                                     /home/rdu/Workspace/project_templates/mcu/stm32_ws/build/fw_racer_core/stm32f4xx_dma2d.o
DMA2D_FG_StructInit                               /home/rdu/Workspace/project_templates/mcu/stm32_ws/build/fw_racer_core/stm32f4xx_dma2d.o
DMA2D_GetFlagStatus                               /home/rdu/Workspace/project_templates/mcu/stm32_ws/build/fw_racer_core/stm32f4xx_dma2d.o
DMA2D_GetITStatus                                 /home/rdu/Workspace/project_templates/mcu/stm32_ws/build/fw_racer_core/stm32f4xx_dma2d.o
DMA2D_ITConfig                                    /home/rdu/Workspace/project_templates/mcu/stm32_ws/build/fw_racer_core/stm32f4xx_dma2d.o
DMA2D_Init                                        /home/rdu/Workspace/project_templates/mcu/stm32_ws/build/fw_racer_core/stm32f4xx_dma2d.o
DMA2D_LineWatermarkConfig                         /home/rdu/Workspace/project_templates/mcu/stm32_ws/build/fw_racer_core/stm32f4xx_dma2d.o
DMA2D_StartTransfer                               /home/rdu/Workspace/project_templates/mcu/stm32_ws/build/fw_racer_core/stm32f4xx_dma2d.o
DMA2D_StructInit                                  /home/rdu/Workspace/project_templates/mcu/stm32_ws/build/fw_racer_core/stm32f4xx_dma2d.o
DMA2D_Suspend                                     /home/rdu/Workspace/project_templates/mcu/stm32_ws/build/fw_racer_core/stm32f4xx_dma2d.o
DMA2_Stream0_IRQHandler                           /home/rdu/Workspace/project_templates/mcu/stm32_ws/build/fw_racer_core/startup_stm32f40xx.o
DMA2_Stream1_IRQHandler                           /home/rdu/Workspace/project_templates/mcu/stm32_ws/build/fw_racer_core/startup_stm32f40xx.o
DMA2_Stream2_IRQHandler                           /home/rdu/Workspace/project_templates/mcu/stm32_ws/build/fw_racer_core/startup_stm32f40xx.o
DMA2_Stream3_IRQHandler                           /home/rdu/Workspace/project_templates/mcu/stm32_ws/build/fw_racer_core/startup_stm32f40xx.o
DMA2_Stream4_IRQHandler                           /home/rdu/Workspace/project_templates/mcu/stm32_ws/build/fw_racer_core/startup_stm32f40xx.o
DMA2_Stream5_IRQHandler                           /home/rdu/Workspace/project_templates/mcu/stm32_ws/build/fw_racer_core/startup_stm32f40xx.o
DMA2_Stream6_IRQHandler                           /home/rdu/Workspace/project_templates/mcu/stm32_ws/build/fw_racer_core/startup_stm32f40xx.o
DMA2_Stream7_IRQHandler                           /home/rdu/Workspace/project_templates/mcu/stm32_ws/build/fw_racer_core/startup_stm32f40xx.o
DMA_ClearFlag                                     /home/rdu/Workspace/project_templates/mcu/stm32_ws/build/fw_racer_core/stm32f4xx_dma.o
DMA_ClearITPendingBit                             /home/rdu/Workspace/project_templates/mcu/stm32_ws/build/fw_racer_core/stm32f4xx_dma.o
DMA_Cmd                                           /home/rdu/Workspace/project_templates/mcu/stm32_ws/build/fw_racer_core/stm32f4xx_dma.o
DMA_DeInit                                        /home/rdu/Workspace/project_templates/mcu/stm32_ws/build/fw_racer_core/stm32f4xx_dma.o
DMA_DoubleBufferModeCmd                           /home/rdu/Workspace/project_templates/mcu/stm32_ws/build/fw_racer_core/stm32f4xx_dma.o
DMA_DoubleBufferModeConfig                        /home/rdu/Workspace/project_templates/mcu/stm32_ws/build/fw_racer_core/stm32f4xx_dma.o
DMA_FlowControllerConfig                          /home/rdu/Workspace/project_templates/mcu/stm32_ws/build/fw_racer_core/stm32f4xx_dma.o
DMA_GetCmdStatus                                  /home/rdu/Workspace/project_templates/mcu/stm32_ws/build/fw_racer_core/stm32f4xx_dma.o
DMA_GetCurrDataCounter                            /home/rdu/Workspace/project_templates/mcu/stm32_ws/build/fw_racer_core/stm32f4xx_dma.o
DMA_GetCurrentMemoryTarget                        /home/rdu/Workspace/project_templates/mcu/stm32_ws/build/fw_racer_core/stm32f4xx_dma.o
DMA_GetFIFOStatus                                 /home/rdu/Workspace/project_templates/mcu/stm32_ws/build/fw_racer_core/stm32f4xx_dma.o
DMA_GetFlagStatus                                 /home/rdu/Workspace/project_templates/mcu/stm32_ws/build/fw_racer_core/stm32f4xx_dma.o
DMA_GetITStatus                                   /home/rdu/Workspace/project_templates/mcu/stm32_ws/build/fw_racer_core/stm32f4xx_dma.o
DMA_ITConfig                                      /home/rdu/Workspace/project_templates/mcu/stm32_ws/build/fw_racer_core/stm32f4xx_dma.o
DMA_Init                                          /home/rdu/Workspace/project_templates/mcu/stm32_ws/build/fw_racer_core/stm32f4xx_dma.o
DMA_MemoryTargetConfig                            /home/rdu/Workspace/project_templates/mcu/stm32_ws/build/fw_racer_core/stm32f4xx_dma.o
DMA_PeriphIncOffsetSizeConfig                     /home/rdu/Workspace/project_templates/mcu/stm32_ws/build/fw_racer_core/stm32f4xx_dma.o
DMA_SetCurrDataCounter                            /home/rdu/Workspace/project_templates/mcu/stm32_ws/build/fw_racer_core/stm32f4xx_dma.o
DMA_StructInit                                    /home/rdu/Workspace/project_templates/mcu/stm32_ws/build/fw_racer_core/stm32f4xx_dma.o
DebugMon_Handler                                  /home/rdu/Workspace/project_templates/mcu/stm32_ws/build/fw_racer_core/startup_stm32f40xx.o
Default_Handler                                   /home/rdu/Workspace/project_templates/mcu/stm32_ws/build/fw_racer_core/startup_stm32f40xx.o
ETH_IRQHandler                                    /home/rdu/Workspace/project_templates/mcu/stm32_ws/build/fw_racer_core/startup_stm32f40xx.o
ETH_WKUP_IRQHandler                               /home/rdu/Workspace/project_templates/mcu/stm32_ws/build/fw_racer_core/startup_stm32f40xx.o
EXTI0_IRQHandler                                  /home/rdu/Workspace/project_templates/mcu/stm32_ws/build/fw_racer_core/startup_stm32f40xx.o
EXTI15_10_IRQHandler                              /home/rdu/Workspace/project_templates/mcu/stm32_ws/build/fw_racer_core/startup_stm32f40xx.o
EXTI1_IRQHandler                                  /home/rdu/Workspace/project_templates/mcu/stm32_ws/build/fw_racer_core/startup_stm32f40xx.o
EXTI2_IRQHandler                                  /home/rdu/Workspace/project_templates/mcu/stm32_ws/build/fw_racer_core/startup_stm32f40xx.o
EXTI3_IRQHandler                                  /home/rdu/Workspace/project_templates/mcu/stm32_ws/build/fw_racer_core/startup_stm32f40xx.o
EXTI4_IRQHandler                                  /home/rdu/Workspace/project_templates/mcu/stm32_ws/build/fw_racer_core/startup_stm32f40xx.o
EXTI9_5_IRQHandler                                /home/rdu/Workspace/project_templates/mcu/stm32_ws/build/fw_racer_core/startup_stm32f40xx.o
EXTI_ClearFlag                                    /home/rdu/Workspace/project_templates/mcu/stm32_ws/build/fw_racer_core/stm32f4xx_exti.o
EXTI_ClearITPendingBit                            /home/rdu/Workspace/project_templates/mcu/stm32_ws/build/fw_racer_core/stm32f4xx_exti.o
EXTI_DeInit                                       /home/rdu/Workspace/project_templates/mcu/stm32_ws/build/fw_racer_core/stm32f4xx_exti.o
EXTI_GenerateSWInterrupt                          /home/rdu/Workspace/project_templates/mcu/stm32_ws/build/fw_racer_core/stm32f4xx_exti.o
EXTI_GetFlagStatus                                /home/rdu/Workspace/project_templates/mcu/stm32_ws/build/fw_racer_core/stm32f4xx_exti.o
EXTI_GetITStatus                                  /home/rdu/Workspace/project_templates/mcu/stm32_ws/build/fw_racer_core/stm32f4xx_exti.o
EXTI_Init                                         /home/rdu/Workspace/project_templates/mcu/stm32_ws/build/fw_racer_core/stm32f4xx_exti.o
EXTI_StructInit                                   /home/rdu/Workspace/project_templates/mcu/stm32_ws/build/fw_racer_core/stm32f4xx_exti.o
FLASH_ClearFlag                                   /home/rdu/Workspace/project_templates/mcu/stm32_ws/build/fw_racer_core/stm32f4xx_flash.o
FLASH_DataCacheCmd                                /home/rdu/Workspace/project_templates/mcu/stm32_ws/build/fw_racer_core/stm32f4xx_flash.o
FLASH_DataCacheReset                              /home/rdu/Workspace/project_templates/mcu/stm32_ws/build/fw_racer_core/stm32f4xx_flash.o
FLASH_EraseAllBank1Sectors                        /home/rdu/Workspace/project_templates/mcu/stm32_ws/build/fw_racer_core/stm32f4xx_flash.o
FLASH_EraseAllBank2Sectors                        /home/rdu/Workspace/project_templates/mcu/stm32_ws/build/fw_racer_core/stm32f4xx_flash.o
FLASH_EraseAllSectors                             /home/rdu/Workspace/project_templates/mcu/stm32_ws/build/fw_racer_core/stm32f4xx_flash.o
FLASH_EraseSector                                 /home/rdu/Workspace/project_templates/mcu/stm32_ws/build/fw_racer_core/stm32f4xx_flash.o
FLASH_FlashInterfaceCmd                           /home/rdu/Workspace/project_templates/mcu/stm32_ws/build/fw_racer_core/stm32f4xx_flash_ramfunc.o
FLASH_FlashSleepModeCmd                           /home/rdu/Workspace/project_templates/mcu/stm32_ws/build/fw_racer_core/stm32f4xx_flash_ramfunc.o
FLASH_GetFlagStatus                               /home/rdu/Workspace/project_templates/mcu/stm32_ws/build/fw_racer_core/stm32f4xx_flash.o
FLASH_GetStatus                                   /home/rdu/Workspace/project_templates/mcu/stm32_ws/build/fw_racer_core/stm32f4xx_flash.o
FLASH_IRQHandler                                  /home/rdu/Workspace/project_templates/mcu/stm32_ws/build/fw_racer_core/startup_stm32f40xx.o
FLASH_ITConfig                                    /home/rdu/Workspace/project_templates/mcu/stm32_ws/build/fw_racer_core/stm32f4xx_flash.o
FLASH_InstructionCacheCmd                         /home/rdu/Workspace/project_templates/mcu/stm32_ws/build/fw_racer_core/stm32f4xx_flash.o
FLASH_InstructionCacheReset                       /home/rdu/Workspace/project_templates/mcu/stm32_ws/build/fw_racer_core/stm32f4xx_flash.o
FLASH_Lock                                        /home/rdu/Workspace/project_templates/mcu/stm32_ws/build/fw_racer_core/stm32f4xx_flash.o
FLASH_OB_BORConfig                                /home/rdu/Workspace/project_templates/mcu/stm32_ws/build/fw_racer_core/stm32f4xx_flash.o
FLASH_OB_BootConfig                               /home/rdu/Workspace/project_templates/mcu/stm32_ws/build/fw_racer_core/stm32f4xx_flash.o
FLASH_OB_GetBOR                                   /home/rdu/Workspace/project_templates/mcu/stm32_ws/build/fw_racer_core/stm32f4xx_flash.o
FLASH_OB_GetPCROP                                 /home/rdu/Workspace/project_templates/mcu/stm32_ws/build/fw_racer_core/stm32f4xx_flash.o
FLASH_OB_GetPCROP1                                /home/rdu/Workspace/project_templates/mcu/stm32_ws/build/fw_racer_core/stm32f4xx_flash.o
FLASH_OB_GetRDP                                   /home/rdu/Workspace/project_templates/mcu/stm32_ws/build/fw_racer_core/stm32f4xx_flash.o
FLASH_OB_GetUser                                  /home/rdu/Workspace/project_templates/mcu/stm32_ws/build/fw_racer_core/stm32f4xx_flash.o
FLASH_OB_GetWRP                                   /home/rdu/Workspace/project_templates/mcu/stm32_ws/build/fw_racer_core/stm32f4xx_flash.o
FLASH_OB_GetWRP1                                  /home/rdu/Workspace/project_templates/mcu/stm32_ws/build/fw_racer_core/stm32f4xx_flash.o
FLASH_OB_Launch                                   /home/rdu/Workspace/project_templates/mcu/stm32_ws/build/fw_racer_core/stm32f4xx_flash.o
FLASH_OB_Lock                                     /home/rdu/Workspace/project_templates/mcu/stm32_ws/build/fw_racer_core/stm32f4xx_flash.o
FLASH_OB_PCROP1Config                             /home/rdu/Workspace/project_templates/mcu/stm32_ws/build/fw_racer_core/stm32f4xx_flash.o
FLASH_OB_PCROPConfig                              /home/rdu/Workspace/project_templates/mcu/stm32_ws/build/fw_racer_core/stm32f4xx_flash.o
FLASH_OB_PCROPSelectionConfig                     /home/rdu/Workspace/project_templates/mcu/stm32_ws/build/fw_racer_core/stm32f4xx_flash.o
FLASH_OB_RDPConfig                                /home/rdu/Workspace/project_templates/mcu/stm32_ws/build/fw_racer_core/stm32f4xx_flash.o
FLASH_OB_Unlock                                   /home/rdu/Workspace/project_templates/mcu/stm32_ws/build/fw_racer_core/stm32f4xx_flash.o
FLASH_OB_UserConfig                               /home/rdu/Workspace/project_templates/mcu/stm32_ws/build/fw_racer_core/stm32f4xx_flash.o
FLASH_OB_WRP1Config                               /home/rdu/Workspace/project_templates/mcu/stm32_ws/build/fw_racer_core/stm32f4xx_flash.o
FLASH_OB_WRPConfig                                /home/rdu/Workspace/project_templates/mcu/stm32_ws/build/fw_racer_core/stm32f4xx_flash.o
FLASH_PrefetchBufferCmd                           /home/rdu/Workspace/project_templates/mcu/stm32_ws/build/fw_racer_core/stm32f4xx_flash.o
FLASH_ProgramByte                                 /home/rdu/Workspace/project_templates/mcu/stm32_ws/build/fw_racer_core/stm32f4xx_flash.o
FLASH_ProgramDoubleWord                           /home/rdu/Workspace/project_templates/mcu/stm32_ws/build/fw_racer_core/stm32f4xx_flash.o
FLASH_ProgramHalfWord                             /home/rdu/Workspace/project_templates/mcu/stm32_ws/build/fw_racer_core/stm32f4xx_flash.o
FLASH_ProgramWord                                 /home/rdu/Workspace/project_templates/mcu/stm32_ws/build/fw_racer_core/stm32f4xx_flash.o
FLASH_SetLatency                                  /home/rdu/Workspace/project_templates/mcu/stm32_ws/build/fw_racer_core/stm32f4xx_flash.o
FLASH_Unlock                                      /home/rdu/Workspace/project_templates/mcu/stm32_ws/build/fw_racer_core/stm32f4xx_flash.o
FLASH_WaitForLastOperation                        /home/rdu/Workspace/project_templates/mcu/stm32_ws/build/fw_racer_core/stm32f4xx_flash.o
FPU_IRQHandler                                    /home/rdu/Workspace/project_templates/mcu/stm32_ws/build/fw_racer_core/startup_stm32f40xx.o
FSMC_ClearFlag                                    /home/rdu/Workspace/project_templates/mcu/stm32_ws/build/fw_racer_core/stm32f4xx_fsmc.o
FSMC_ClearITPendingBit                            /home/rdu/Workspace/project_templates/mcu/stm32_ws/build/fw_racer_core/stm32f4xx_fsmc.o
FSMC_DefaultTimingStruct                          /home/rdu/Workspace/project_templates/mcu/stm32_ws/build/fw_racer_core/stm32f4xx_fsmc.o
FSMC_GetECC                                       /home/rdu/Workspace/project_templates/mcu/stm32_ws/build/fw_racer_core/stm32f4xx_fsmc.o
FSMC_GetFlagStatus                                /home/rdu/Workspace/project_templates/mcu/stm32_ws/build/fw_racer_core/stm32f4xx_fsmc.o
FSMC_GetITStatus                                  /home/rdu/Workspace/project_templates/mcu/stm32_ws/build/fw_racer_core/stm32f4xx_fsmc.o
FSMC_IRQHandler                                   /home/rdu/Workspace/project_templates/mcu/stm32_ws/build/fw_racer_core/startup_stm32f40xx.o
FSMC_ITConfig                                     /home/rdu/Workspace/project_templates/mcu/stm32_ws/build/fw_racer_core/stm32f4xx_fsmc.o
FSMC_NANDCmd                                      /home/rdu/Workspace/project_templates/mcu/stm32_ws/build/fw_racer_core/stm32f4xx_fsmc.o
FSMC_NANDDeInit                                   /home/rdu/Workspace/project_templates/mcu/stm32_ws/build/fw_racer_core/stm32f4xx_fsmc.o
FSMC_NANDECCCmd                                   /home/rdu/Workspace/project_templates/mcu/stm32_ws/build/fw_racer_core/stm32f4xx_fsmc.o
FSMC_NANDInit                                     /home/rdu/Workspace/project_templates/mcu/stm32_ws/build/fw_racer_core/stm32f4xx_fsmc.o
FSMC_NANDStructInit                               /home/rdu/Workspace/project_templates/mcu/stm32_ws/build/fw_racer_core/stm32f4xx_fsmc.o
FSMC_NORSRAMCmd                                   /home/rdu/Workspace/project_templates/mcu/stm32_ws/build/fw_racer_core/stm32f4xx_fsmc.o
FSMC_NORSRAMDeInit                                /home/rdu/Workspace/project_templates/mcu/stm32_ws/build/fw_racer_core/stm32f4xx_fsmc.o
FSMC_NORSRAMInit                                  /home/rdu/Workspace/project_templates/mcu/stm32_ws/build/fw_racer_core/stm32f4xx_fsmc.o
FSMC_NORSRAMStructInit                            /home/rdu/Workspace/project_templates/mcu/stm32_ws/build/fw_racer_core/stm32f4xx_fsmc.o
FSMC_PCCARDCmd                                    /home/rdu/Workspace/project_templates/mcu/stm32_ws/build/fw_racer_core/stm32f4xx_fsmc.o
FSMC_PCCARDDeInit                                 /home/rdu/Workspace/project_templates/mcu/stm32_ws/build/fw_racer_core/stm32f4xx_fsmc.o
FSMC_PCCARDInit                                   /home/rdu/Workspace/project_templates/mcu/stm32_ws/build/fw_racer_core/stm32f4xx_fsmc.o
FSMC_PCCARDStructInit                             /home/rdu/Workspace/project_templates/mcu/stm32_ws/build/fw_racer_core/stm32f4xx_fsmc.o
GPIO_DeInit                                       /home/rdu/Workspace/project_templates/mcu/stm32_ws/build/fw_racer_core/stm32f4xx_gpio.o
GPIO_Init                                         /home/rdu/Workspace/project_templates/mcu/stm32_ws/build/fw_racer_core/stm32f4xx_gpio.o
                                                  /home/rdu/Workspace/project_templates/mcu/stm32_ws/build/fw_racer_core/racerio_timer.o
                                                  /home/rdu/Workspace/project_templates/mcu/stm32_ws/build/fw_racer_core/racerio_gpio.o
                                                  /home/rdu/Workspace/project_templates/mcu/stm32_ws/build/fw_racer_core/racerio_can.o
GPIO_PinAFConfig                                  /home/rdu/Workspace/project_templates/mcu/stm32_ws/build/fw_racer_core/stm32f4xx_gpio.o
                                                  /home/rdu/Workspace/project_templates/mcu/stm32_ws/build/fw_racer_core/racerio_timer.o
                                                  /home/rdu/Workspace/project_templates/mcu/stm32_ws/build/fw_racer_core/racerio_can.o
GPIO_PinLockConfig                                /home/rdu/Workspace/project_templates/mcu/stm32_ws/build/fw_racer_core/stm32f4xx_gpio.o
GPIO_ReadInputData                                /home/rdu/Workspace/project_templates/mcu/stm32_ws/build/fw_racer_core/stm32f4xx_gpio.o
GPIO_ReadInputDataBit                             /home/rdu/Workspace/project_templates/mcu/stm32_ws/build/fw_racer_core/stm32f4xx_gpio.o
GPIO_ReadOutputData                               /home/rdu/Workspace/project_templates/mcu/stm32_ws/build/fw_racer_core/stm32f4xx_gpio.o
GPIO_ReadOutputDataBit                            /home/rdu/Workspace/project_templates/mcu/stm32_ws/build/fw_racer_core/stm32f4xx_gpio.o
GPIO_ResetBits                                    /home/rdu/Workspace/project_templates/mcu/stm32_ws/build/fw_racer_core/stm32f4xx_gpio.o
                                                  /home/rdu/Workspace/project_templates/mcu/stm32_ws/build/fw_racer_core/racerio_gpio.o
GPIO_SetBits                                      /home/rdu/Workspace/project_templates/mcu/stm32_ws/build/fw_racer_core/stm32f4xx_gpio.o
                                                  /home/rdu/Workspace/project_templates/mcu/stm32_ws/build/fw_racer_core/racerio_gpio.o
GPIO_StructInit                                   /home/rdu/Workspace/project_templates/mcu/stm32_ws/build/fw_racer_core/stm32f4xx_gpio.o
GPIO_ToggleBits                                   /home/rdu/Workspace/project_templates/mcu/stm32_ws/build/fw_racer_core/stm32f4xx_gpio.o
                                                  /home/rdu/Workspace/project_templates/mcu/stm32_ws/build/fw_racer_core/racerio_gpio.o
GPIO_Write                                        /home/rdu/Workspace/project_templates/mcu/stm32_ws/build/fw_racer_core/stm32f4xx_gpio.o
GPIO_WriteBit                                     /home/rdu/Workspace/project_templates/mcu/stm32_ws/build/fw_racer_core/stm32f4xx_gpio.o
HASH_AutoStartDigest                              /home/rdu/Workspace/project_templates/mcu/stm32_ws/build/fw_racer_core/stm32f4xx_hash.o
HASH_ClearFlag                                    /home/rdu/Workspace/project_templates/mcu/stm32_ws/build/fw_racer_core/stm32f4xx_hash.o
HASH_ClearITPendingBit                            /home/rdu/Workspace/project_templates/mcu/stm32_ws/build/fw_racer_core/stm32f4xx_hash.o
HASH_DMACmd                                       /home/rdu/Workspace/project_templates/mcu/stm32_ws/build/fw_racer_core/stm32f4xx_hash.o
HASH_DataIn                                       /home/rdu/Workspace/project_templates/mcu/stm32_ws/build/fw_racer_core/stm32f4xx_hash.o
                                                  /home/rdu/Workspace/project_templates/mcu/stm32_ws/build/fw_racer_core/stm32f4xx_hash_sha1.o
                                                  /home/rdu/Workspace/project_templates/mcu/stm32_ws/build/fw_racer_core/stm32f4xx_hash_md5.o
HASH_DeInit                                       /home/rdu/Workspace/project_templates/mcu/stm32_ws/build/fw_racer_core/stm32f4xx_hash.o
                                                  /home/rdu/Workspace/project_templates/mcu/stm32_ws/build/fw_racer_core/stm32f4xx_hash_sha1.o
                                                  /home/rdu/Workspace/project_templates/mcu/stm32_ws/build/fw_racer_core/stm32f4xx_hash_md5.o
HASH_GetDigest                                    /home/rdu/Workspace/project_templates/mcu/stm32_ws/build/fw_racer_core/stm32f4xx_hash.o
                                                  /home/rdu/Workspace/project_templates/mcu/stm32_ws/build/fw_racer_core/stm32f4xx_hash_sha1.o
                                                  /home/rdu/Workspace/project_templates/mcu/stm32_ws/build/fw_racer_core/stm32f4xx_hash_md5.o
HASH_GetFlagStatus                                /home/rdu/Workspace/project_templates/mcu/stm32_ws/build/fw_racer_core/stm32f4xx_hash.o
                                                  /home/rdu/Workspace/project_templates/mcu/stm32_ws/build/fw_racer_core/stm32f4xx_hash_sha1.o
                                                  /home/rdu/Workspace/project_templates/mcu/stm32_ws/build/fw_racer_core/stm32f4xx_hash_md5.o
HASH_GetITStatus                                  /home/rdu/Workspace/project_templates/mcu/stm32_ws/build/fw_racer_core/stm32f4xx_hash.o
HASH_GetInFIFOWordsNbr                            /home/rdu/Workspace/project_templates/mcu/stm32_ws/build/fw_racer_core/stm32f4xx_hash.o
HASH_ITConfig                                     /home/rdu/Workspace/project_templates/mcu/stm32_ws/build/fw_racer_core/stm32f4xx_hash.o
HASH_Init                                         /home/rdu/Workspace/project_templates/mcu/stm32_ws/build/fw_racer_core/stm32f4xx_hash.o
                                                  /home/rdu/Workspace/project_templates/mcu/stm32_ws/build/fw_racer_core/stm32f4xx_hash_sha1.o
                                                  /home/rdu/Workspace/project_templates/mcu/stm32_ws/build/fw_racer_core/stm32f4xx_hash_md5.o
HASH_MD5                                          /home/rdu/Workspace/project_templates/mcu/stm32_ws/build/fw_racer_core/stm32f4xx_hash_md5.o
HASH_RNG_IRQHandler                               /home/rdu/Workspace/project_templates/mcu/stm32_ws/build/fw_racer_core/startup_stm32f40xx.o
HASH_Reset                                        /home/rdu/Workspace/project_templates/mcu/stm32_ws/build/fw_racer_core/stm32f4xx_hash.o
HASH_RestoreContext                               /home/rdu/Workspace/project_templates/mcu/stm32_ws/build/fw_racer_core/stm32f4xx_hash.o