Archive member included because of file (symbol)

../../../Dependencies/arduino-cores\libcore_328p.a(wiring.c.o)
                              main.o (delay)
../../../Dependencies/arduino-cores\libcore_328p.a(wiring_digital.c.o)
                              ArduinoLibraries/SPI.o (pinMode)
../../../Dependencies/arduino-cores\libcore_328p.a(HardwareSerial.cpp.o)
                              Hardware/cooker_hardware.o (Serial)
../../../Dependencies/arduino-cores\libcore_328p.a(new.cpp.o)
                              ../../../Dependencies/arduino-cores\libcore_328p.a(HardwareSerial.cpp.o) (__cxa_pure_virtual)
../../../Dependencies/arduino-cores\libcore_328p.a(Print.cpp.o)
                              ../../../Dependencies/arduino-cores\libcore_328p.a(HardwareSerial.cpp.o) (_ZN5Print5writeEPKhj)
../../../Dependencies/arduino-cores\libcore_328p.a(WString.cpp.o)
                              ../../../Dependencies/arduino-cores\libcore_328p.a(Print.cpp.o) (_ZNK6StringixEj)
../../../Dependencies/arduino-cores\libcore_328p.a(malloc.c.o)
                              ../../../Dependencies/arduino-cores\libcore_328p.a(new.cpp.o) (malloc)
../../../Dependencies/arduino-cores\libcore_328p.a(realloc.c.o)
                              ../../../Dependencies/arduino-cores\libcore_328p.a(WString.cpp.o) (realloc)
c:/program files (x86)/atmel/atmel toolchain/avr8 gcc/native/3.4.1056/avr8-gnu-toolchain/bin/../lib/gcc/avr/4.8.1/../../../../avr/lib/avr5\libm.a(addsf3.o)
                              ../../../Dependencies/arduino-cores\libcore_328p.a(Print.cpp.o) (__subsf3)
c:/program files (x86)/atmel/atmel toolchain/avr8 gcc/native/3.4.1056/avr8-gnu-toolchain/bin/../lib/gcc/avr/4.8.1/../../../../avr/lib/avr5\libm.a(addsf3x.o)
                              c:/program files (x86)/atmel/atmel toolchain/avr8 gcc/native/3.4.1056/avr8-gnu-toolchain/bin/../lib/gcc/avr/4.8.1/../../../../avr/lib/avr5\libm.a(addsf3.o) (__addsf3x)
c:/program files (x86)/atmel/atmel toolchain/avr8 gcc/native/3.4.1056/avr8-gnu-toolchain/bin/../lib/gcc/avr/4.8.1/../../../../avr/lib/avr5\libm.a(cmpsf2.o)
                              ../../../Dependencies/arduino-cores\libcore_328p.a(Print.cpp.o) (__ltsf2)
c:/program files (x86)/atmel/atmel toolchain/avr8 gcc/native/3.4.1056/avr8-gnu-toolchain/bin/../lib/gcc/avr/4.8.1/../../../../avr/lib/avr5\libm.a(divsf3.o)
                              ../../../Dependencies/arduino-cores\libcore_328p.a(Print.cpp.o) (__divsf3)
c:/program files (x86)/atmel/atmel toolchain/avr8 gcc/native/3.4.1056/avr8-gnu-toolchain/bin/../lib/gcc/avr/4.8.1/../../../../avr/lib/avr5\libm.a(divsf3x.o)
                              c:/program files (x86)/atmel/atmel toolchain/avr8 gcc/native/3.4.1056/avr8-gnu-toolchain/bin/../lib/gcc/avr/4.8.1/../../../../avr/lib/avr5\libm.a(divsf3.o) (__divsf3x)
c:/program files (x86)/atmel/atmel toolchain/avr8 gcc/native/3.4.1056/avr8-gnu-toolchain/bin/../lib/gcc/avr/4.8.1/../../../../avr/lib/avr5\libm.a(fixsfsi.o)
                              ../../../Dependencies/arduino-cores\libcore_328p.a(Print.cpp.o) (__fixsfsi)
c:/program files (x86)/atmel/atmel toolchain/avr8 gcc/native/3.4.1056/avr8-gnu-toolchain/bin/../lib/gcc/avr/4.8.1/../../../../avr/lib/avr5\libm.a(fixunssfsi.o)
                              ../../../Dependencies/arduino-cores\libcore_328p.a(Print.cpp.o) (__fixunssfsi)
c:/program files (x86)/atmel/atmel toolchain/avr8 gcc/native/3.4.1056/avr8-gnu-toolchain/bin/../lib/gcc/avr/4.8.1/../../../../avr/lib/avr5\libm.a(floatsisf.o)
                              ../../../Dependencies/arduino-cores\libcore_328p.a(Print.cpp.o) (__floatunsisf)
c:/program files (x86)/atmel/atmel toolchain/avr8 gcc/native/3.4.1056/avr8-gnu-toolchain/bin/../lib/gcc/avr/4.8.1/../../../../avr/lib/avr5\libm.a(fp_cmp.o)
                              c:/program files (x86)/atmel/atmel toolchain/avr8 gcc/native/3.4.1056/avr8-gnu-toolchain/bin/../lib/gcc/avr/4.8.1/../../../../avr/lib/avr5\libm.a(cmpsf2.o) (__fp_cmp)
c:/program files (x86)/atmel/atmel toolchain/avr8 gcc/native/3.4.1056/avr8-gnu-toolchain/bin/../lib/gcc/avr/4.8.1/../../../../avr/lib/avr5\libm.a(fp_inf.o)
                              c:/program files (x86)/atmel/atmel toolchain/avr8 gcc/native/3.4.1056/avr8-gnu-toolchain/bin/../lib/gcc/avr/4.8.1/../../../../avr/lib/avr5\libm.a(addsf3x.o) (__fp_inf)
c:/program files (x86)/atmel/atmel toolchain/avr8 gcc/native/3.4.1056/avr8-gnu-toolchain/bin/../lib/gcc/avr/4.8.1/../../../../avr/lib/avr5\libm.a(fp_nan.o)
                              c:/program files (x86)/atmel/atmel toolchain/avr8 gcc/native/3.4.1056/avr8-gnu-toolchain/bin/../lib/gcc/avr/4.8.1/../../../../avr/lib/avr5\libm.a(addsf3x.o) (__fp_nan)
c:/program files (x86)/atmel/atmel toolchain/avr8 gcc/native/3.4.1056/avr8-gnu-toolchain/bin/../lib/gcc/avr/4.8.1/../../../../avr/lib/avr5\libm.a(fp_pscA.o)
[...]
Memory Configuration

Name             Origin             Length             Attributes
text             0x00000000         0x00020000         xr
data             0x00800060         0x0000ffa0         rw !x
eeprom           0x00810000         0x00010000         rw !x
fuse             0x00820000         0x00000400         rw !x
lock             0x00830000         0x00000400         rw !x
signature        0x00840000         0x00000400         rw !x
user_signatures  0x00850000         0x00000400         rw !x
*default*        0x00000000         0xffffffff

Linker script and memory map

Address of section .data set to 0x800100
LOAD c:/program files (x86)/atmel/atmel toolchain/avr8 gcc/native/3.4.1056/avr8-gnu-toolchain/bin/../lib/gcc/avr/4.8.1/../../../../avr/lib/avr5/crtm328p.o
LOAD ArduinoLibraries/SPI.o
LOAD main.o
LOAD Hardware/cooker_hal.o
LOAD Hardware/cooker_hardware.o
START GROUP
LOAD c:/program files (x86)/atmel/atmel toolchain/avr8 gcc/native/3.4.1056/avr8-gnu-toolchain/bin/../lib/gcc/avr/4.8.1/../../../../avr/lib/avr5\libm.a
LOAD ../../../Dependencies/arduino-cores\libcore_328p.a
END GROUP
LOAD c:/program files (x86)/atmel/atmel toolchain/avr8 gcc/native/3.4.1056/avr8-gnu-toolchain/bin/../lib/gcc/avr/4.8.1/avr5\libgcc.a
LOAD c:/program files (x86)/atmel/atmel toolchain/avr8 gcc/native/3.4.1056/avr8-gnu-toolchain/bin/../lib/gcc/avr/4.8.1/../../../../avr/lib/avr5\libm.a
START GROUP
LOAD c:/program files (x86)/atmel/atmel toolchain/avr8 gcc/native/3.4.1056/avr8-gnu-toolchain/bin/../lib/gcc/avr/4.8.1/avr5\libgcc.a
LOAD c:/program files (x86)/atmel/atmel toolchain/avr8 gcc/native/3.4.1056/avr8-gnu-toolchain/bin/../lib/gcc/avr/4.8.1/../../../../avr/lib/avr5\libm.a
LOAD c:/program files (x86)/atmel/atmel toolchain/avr8 gcc/native/3.4.1056/avr8-gnu-toolchain/bin/../lib/gcc/avr/4.8.1/../../../../avr/lib/avr5\libc.a
END GROUP

.hash
 *(.hash)

.dynsym
 *(.dynsym)

.dynstr
 *(.dynstr)

.gnu.version
 *(.gnu.version)

.gnu.version_d
 *(.gnu.version_d)

.gnu.version_r
 *(.gnu.version_r)

.rel.init
 *(.rel.init)

.rela.init
 *(.rela.init)

.rel.text
 *(.rel.text)
 *(.rel.text.*)
 *(.rel.gnu.linkonce.t*)

.rela.text
 *(.rela.text)
 *(.rela.text.*)
 *(.rela.gnu.linkonce.t*)

.rel.fini
 *(.rel.fini)

.rela.fini
 *(.rela.fini)

.rel.rodata
 *(.rel.rodata)
 *(.rel.rodata.*)
 *(.rel.gnu.linkonce.r*)

.rela.rodata
 *(.rela.rodata)
 *(.rela.rodata.*)
 *(.rela.gnu.linkonce.r*)

.rel.data
 *(.rel.data)
 *(.rel.data.*)
 *(.rel.gnu.linkonce.d*)

.rela.data
 *(.rela.data)
 *(.rela.data.*)
 *(.rela.gnu.linkonce.d*)

.rel.ctors
 *(.rel.ctors)

.rela.ctors
 *(.rela.ctors)

.rel.dtors
 *(.rel.dtors)

.rela.dtors
 *(.rela.dtors)

.rel.got
 *(.rel.got)

.rela.got
 *(.rela.got)

.rel.bss
 *(.rel.bss)

.rela.bss
 *(.rela.bss)

.rel.plt
 *(.rel.plt)

.rela.plt
 *(.rela.plt)

.text           0x00000000      0x766
 *(.vectors)
 .vectors       0x00000000       0x68 c:/program files (x86)/atmel/atmel toolchain/avr8 gcc/native/3.4.1056/avr8-gnu-toolchain/bin/../lib/gcc/avr/4.8.1/../../../../avr/lib/avr5/crtm328p.o
                0x00000000                __vector_default
                0x00000000                __vectors
 *(.vectors)
 *(.progmem.gcc*)
                0x00000068                . = ALIGN (0x2)
                0x00000068                __trampolines_start = .
 *(.trampolines)
 .trampolines   0x00000068        0x0 linker stubs
 *(.trampolines*)
                0x00000068                __trampolines_end = .
 *(.progmem*)
 .progmem.data  0x00000068       0x5a ../../../Dependencies/arduino-cores\libcore_328p.a(wiring_digital.c.o)
                0x00000068                port_to_mode_PGM
                0x00000072                port_to_output_PGM
                0x0000007c                port_to_input_PGM
                0x00000086                digital_pin_to_port_PGM
                0x0000009a                digital_pin_to_bit_mask_PGM
                0x000000ae                digital_pin_to_timer_PGM
                0x000000c2                . = ALIGN (0x2)
 *(.jumptables)
 *(.jumptables*)
 *(.lowtext)
 *(.lowtext*)
                0x000000c2                __ctors_start = .
 *(.ctors)
 .ctors         0x000000c2        0x2 ../../../Dependencies/arduino-cores\libcore_328p.a(HardwareSerial.cpp.o)
                0x000000c4                __ctors_end = .
                0x000000c4                __dtors_start = .
 *(.dtors)
                0x000000c4                __dtors_end = .
 SORT(*)(.ctors)
 SORT(*)(.dtors)
 *(.init0)
 .init0         0x000000c4        0x0 c:/program files (x86)/atmel/atmel toolchain/avr8 gcc/native/3.4.1056/avr8-gnu-toolchain/bin/../lib/gcc/avr/4.8.1/../../../../avr/lib/avr5/crtm328p.o
                0x000000c4                __init
 *(.init0)
 *(.init1)
 *(.init1)
 *(.init2)
 .init2         0x000000c4        0xc c:/program files (x86)/atmel/atmel toolchain/avr8 gcc/native/3.4.1056/avr8-gnu-toolchain/bin/../lib/gcc/avr/4.8.1/../../../../avr/lib/avr5/crtm328p.o
 *(.init2)
 *(.init3)
 *(.init3)
 *(.init4)
 .init4         0x000000d0       0x16 c:/program files (x86)/atmel/atmel toolchain/avr8 gcc/native/3.4.1056/avr8-gnu-toolchain/bin/../lib/gcc/avr/4.8.1/avr5\libgcc.a(_copy_data.o)
                0x000000d0                __do_copy_data
 .init4         0x000000e6       0x10 c:/program files (x86)/atmel/atmel toolchain/avr8 gcc/native/3.4.1056/avr8-gnu-toolchain/bin/../lib/gcc/avr/4.8.1/avr5\libgcc.a(_clear_bss.o)
                0x000000e6                __do_clear_bss
 *(.init4)
 *(.init5)
 *(.init5)
 *(.init6)
 .init6         0x000000f6       0x16 c:/program files (x86)/atmel/atmel toolchain/avr8 gcc/native/3.4.1056/avr8-gnu-toolchain/bin/../lib/gcc/avr/4.8.1/avr5\libgcc.a(_ctors.o)
                0x000000f6                __do_global_ctors
 *(.init6)
 *(.init7)
 *(.init7)
 *(.init8)
 *(.init8)
 *(.init9)
 .init9         0x0000010c        0x8 c:/program files (x86)/atmel/atmel toolchain/avr8 gcc/native/3.4.1056/avr8-gnu-toolchain/bin/../lib/gcc/avr/4.8.1/../../../../avr/lib/avr5/crtm328p.o
 *(.init9)
 *(.text)
 .text          0x00000114        0x4 c:/program files (x86)/atmel/atmel toolchain/avr8 gcc/native/3.4.1056/avr8-gnu-toolchain/bin/../lib/gcc/avr/4.8.1/../../../../avr/lib/avr5/crtm328p.o
                0x00000114                __vector_22
                0x00000114                __vector_1
                0x00000114                __vector_24
                0x00000114                __vector_12
                0x00000114                __bad_interrupt
                0x00000114                __vector_6
                0x00000114                __vector_3
                0x00000114                __vector_23
                0x00000114                __vector_25
                0x00000114                __vector_13
                0x00000114                __vector_17
                0x00000114                __vector_7
                0x00000114                __vector_5
                0x00000114                __vector_4
                0x00000114                __vector_9
                0x00000114                __vector_2
                0x00000114                __vector_21
                0x00000114                __vector_15
                0x00000114                __vector_8
                0x00000114                __vector_14
                0x00000114                __vector_10
                0x00000114                __vector_20
                0x00000118                . = ALIGN (0x2)
 *(.text.*)
 .text.startup.main
                0x00000118        0xa main.o
                0x00000118                main
 .text.__vector_11
                0x00000122       0x58 main.o
                0x00000122                __vector_11
 .text._Z8initGPIOv
                0x0000017a        0x8 Hardware/cooker_hardware.o
                0x0000017a                _Z8initGPIOv
 .text._Z9initTimerv
                0x00000182       0x38 Hardware/cooker_hardware.o
                0x00000182                _Z9initTimerv
 .text.__vector_16
                0x000001ba       0x90 ../../../Dependencies/arduino-cores\libcore_328p.a(wiring.c.o)
                0x000001ba                __vector_16
 .text.pinMode  0x0000024a       0x7e ../../../Dependencies/arduino-cores\libcore_328p.a(wiring_digital.c.o)
                0x0000024a                pinMode
 .text.digitalWrite
                0x000002c8       0xa8 ../../../Dependencies/arduino-cores\libcore_328p.a(wiring_digital.c.o)
                0x000002c8                digitalWrite
 .text.digitalRead
                0x00000370       0xa6 ../../../Dependencies/arduino-cores\libcore_328p.a(wiring_digital.c.o)
                0x00000370                digitalRead
 .text.__vector_18
                0x00000416       0x76 ../../../Dependencies/arduino-cores\libcore_328p.a(HardwareSerial.cpp.o)
                0x00000416                __vector_18
 .text.__vector_19
                0x0000048c       0x76 ../../../Dependencies/arduino-cores\libcore_328p.a(HardwareSerial.cpp.o)
                0x0000048c                __vector_19
 .text._ZN14HardwareSerial9availableEv
                0x00000502       0x22 ../../../Dependencies/arduino-cores\libcore_328p.a(HardwareSerial.cpp.o)
                0x00000502                _ZN14HardwareSerial9availableEv
 .text._ZN14HardwareSerial4peekEv
                0x00000524       0x40 ../../../Dependencies/arduino-cores\libcore_328p.a(HardwareSerial.cpp.o)
                0x00000524                _ZN14HardwareSerial4peekEv
 .text._ZN14HardwareSerial4readEv
                0x00000564       0x52 ../../../Dependencies/arduino-cores\libcore_328p.a(HardwareSerial.cpp.o)
                0x00000564                _ZN14HardwareSerial4readEv
 .text._ZN14HardwareSerial5flushEv
                0x000005b6       0x20 ../../../Dependencies/arduino-cores\libcore_328p.a(HardwareSerial.cpp.o)
                0x000005b6                _ZN14HardwareSerial5flushEv
 .text._ZN14HardwareSerial5writeEh
                0x000005d6       0x80 ../../../Dependencies/arduino-cores\libcore_328p.a(HardwareSerial.cpp.o)
                0x000005d6                _ZN14HardwareSerial5writeEh
 .text._GLOBAL__I_rx_buffer
                0x00000656       0xac ../../../Dependencies/arduino-cores\libcore_328p.a(HardwareSerial.cpp.o)
 .text._ZN5Print5writeEPKhj
                0x00000702       0x54 ../../../Dependencies/arduino-cores\libcore_328p.a(Print.cpp.o)
                0x00000702                _ZN5Print5writeEPKhj
 .text.libgcc   0x00000756        0xc c:/program files (x86)/atmel/atmel toolchain/avr8 gcc/native/3.4.1056/avr8-gnu-toolchain/bin/../lib/gcc/avr/4.8.1/avr5\libgcc.a(_tablejump.o)
                0x00000756                __tablejump2__
                0x0000075a                __tablejump__
                0x00000762                . = ALIGN (0x2)
 *(.fini9)
 .fini9         0x00000762        0x0 c:/program files (x86)/atmel/atmel toolchain/avr8 gcc/native/3.4.1056/avr8-gnu-toolchain/bin/../lib/gcc/avr/4.8.1/avr5\libgcc.a(_exit.o)
                0x00000762                _exit
                0x00000762                exit
 *(.fini9)
 *(.fini8)
 *(.fini8)
 *(.fini7)
 *(.fini7)
 *(.fini6)
 *(.fini6)
 *(.fini5)
 *(.fini5)
 *(.fini4)
 *(.fini4)
 *(.fini3)
 *(.fini3)
 *(.fini2)
 *(.fini2)
 *(.fini1)
 *(.fini1)
 *(.fini0)
 .fini0         0x00000762        0x4 c:/program files (x86)/atmel/atmel toolchain/avr8 gcc/native/3.4.1056/avr8-gnu-toolchain/bin/../lib/gcc/avr/4.8.1/avr5\libgcc.a(_exit.o)
 *(.fini0)
                0x00000766                _etext = .

.data           0x00800100       0x20 load address 0x00000766
                0x00800100                PROVIDE (__data_start, .)
 *(.data)
 .data          0x00800100        0x0 c:/program files (x86)/atmel/atmel toolchain/avr8 gcc/native/3.4.1056/avr8-gnu-toolchain/bin/../lib/gcc/avr/4.8.1/../../../../avr/lib/avr5/crtm328p.o
 .data          0x00800100        0x0 ArduinoLibraries/SPI.o
 .data          0x00800100        0x0 main.o
 .data          0x00800100        0x0 Hardware/cooker_hal.o
 .data          0x00800100        0x0 Hardware/cooker_hardware.o
 .data          0x00800100        0x0 ../../../Dependencies/arduino-cores\libcore_328p.a(wiring.c.o)
 .data          0x00800100        0x0 ../../../Dependencies/arduino-cores\libcore_328p.a(wiring_digital.c.o)
 .data          0x00800100        0x0 ../../../Dependencies/arduino-cores\libcore_328p.a(HardwareSerial.cpp.o)
 .data          0x00800100        0x0 ../../../Dependencies/arduino-cores\libcore_328p.a(new.cpp.o)
 .data          0x00800100        0xe ../../../Dependencies/arduino-cores\libcore_328p.a(Print.cpp.o)
 .data          0x0080010e        0x1 ../../../Dependencies/arduino-cores\libcore_328p.a(WString.cpp.o)
 .data          0x0080010f        0x0 ../../../Dependencies/arduino-cores\libcore_328p.a(malloc.c.o)
 .data          0x0080010f        0x0 ../../../Dependencies/arduino-cores\libcore_328p.a(realloc.c.o)
 .data          0x0080010f        0x0 c:/program files (x86)/atmel/atmel toolchain/avr8 gcc/native/3.4.1056/avr8-gnu-toolchain/bin/../lib/gcc/avr/4.8.1/../../../../avr/lib/avr5\libm.a(addsf3.o)
 .data          0x0080010f        0x0 c:/program files (x86)/atmel/atmel toolchain/avr8 gcc/native/3.4.1056/avr8-gnu-toolchain/bin/../lib/gcc/avr/4.8.1/../../../../avr/lib/avr5\libm.a(addsf3x.o)
 .data          0x0080010f        0x0 c:/program files (x86)/atmel/atmel toolchain/avr8 gcc/native/3.4.1056/avr8-gnu-toolchain/bin/../lib/gcc/avr/4.8.1/../../../../avr/lib/avr5\libm.a(cmpsf2.o)
 .data          0x0080010f        0x0 c:/program files (x86)/atmel/atmel toolchain/avr8 gcc/native/3.4.1056/avr8-gnu-toolchain/bin/../lib/gcc/avr/4.8.1/../../../../avr/lib/avr5\libm.a(divsf3.o)
 .data          0x0080010f        0x0 c:/program files (x86)/atmel/atmel toolchain/avr8 gcc/native/3.4.1056/avr8-gnu-toolchain/bin/../lib/gcc/avr/4.8.1/../../../../avr/lib/avr5\libm.a(divsf3x.o)
 .data          0x0080010f        0x0 c:/program files (x86)/atmel/atmel toolchain/avr8 gcc/native/3.4.1056/avr8-gnu-toolchain/bin/../lib/gcc/avr/4.8.1/../../../../avr/lib/avr5\libm.a(fixsfsi.o)
 .data          0x0080010f        0x0 c:/program files (x86)/atmel/atmel toolchain/avr8 gcc/native/3.4.1056/avr8-gnu-toolchain/bin/../lib/gcc/avr/4.8.1/../../../../avr/lib/avr5\libm.a(fixunssfsi.o)
 .data          0x0080010f        0x0 c:/program files (x86)/atmel/atmel toolchain/avr8 gcc/native/3.4.1056/avr8-gnu-toolchain/bin/../lib/gcc/avr/4.8.1/../../../../avr/lib/avr5\libm.a(floatsisf.o)
 .data          0x0080010f        0x0 c:/program files (x86)/atmel/atmel toolchain/avr8 gcc/native/3.4.1056/avr8-gnu-toolchain/bin/../lib/gcc/avr/4.8.1/../../../../avr/lib/avr5\libm.a(fp_cmp.o)
 .data          0x0080010f        0x0 c:/program files (x86)/atmel/atmel toolchain/avr8 gcc/native/3.4.1056/avr8-gnu-toolchain/bin/../lib/gcc/avr/4.8.1/../../../../avr/lib/avr5\libm.a(fp_inf.o)
 .data          0x0080010f        0x0 c:/program files (x86)/atmel/atmel toolchain/avr8 gcc/native/3.4.1056/avr8-gnu-toolchain/bin/../lib/gcc/avr/4.8.1/../../../../avr/lib/avr5\libm.a(fp_nan.o)
 .data          0x0080010f        0x0 c:/program files (x86)/atmel/atmel toolchain/avr8 gcc/native/3.4.1056/avr8-gnu-toolchain/bin/../lib/gcc/avr/4.8.1/../../../../avr/lib/avr5\libm.a(fp_pscA.o)
 .data          0x0080010f        0x0 c:/program files (x86)/atmel/atmel toolchain/avr8 gcc/native/3.4.1056/avr8-gnu-toolchain/bin/../lib/gcc/avr/4.8.1/../../../../avr/lib/avr5\libm.a(fp_pscB.o)
 .data          0x0080010f        0x0 c:/program files (x86)/atmel/atmel toolchain/avr8 gcc/native/3.4.1056/avr8-gnu-toolchain/bin/../lib/gcc/avr/4.8.1/../../../../avr/lib/avr5\libm.a(fp_round.o)
 .data          0x0080010f        0x0 c:/program files (x86)/atmel/atmel toolchain/avr8 gcc/native/3.4.1056/avr8-gnu-toolchain/bin/../lib/gcc/avr/4.8.1/../../../../avr/lib/avr5\libm.a(fp_split3.o)
 .data          0x0080010f        0x0 c:/program files (x86)/atmel/atmel toolchain/avr8 gcc/native/3.4.1056/avr8-gnu-toolchain/bin/../lib/gcc/avr/4.8.1/../../../../avr/lib/avr5\libm.a(fp_zero.o)
 .data          0x0080010f        0x0 c:/program files (x86)/atmel/atmel toolchain/avr8 gcc/native/3.4.1056/avr8-gnu-toolchain/bin/../lib/gcc/avr/4.8.1/../../../../avr/lib/avr5\libm.a(gesf2.o)
 .data          0x0080010f        0x0 c:/program files (x86)/atmel/atmel toolchain/avr8 gcc/native/3.4.1056/avr8-gnu-toolchain/bin/../lib/gcc/avr/4.8.1/../../../../avr/lib/avr5\libm.a(mulsf3.o)
 .data          0x0080010f        0x0 c:/program files (x86)/atmel/atmel toolchain/avr8 gcc/native/3.4.1056/avr8-gnu-toolchain/bin/../lib/gcc/avr/4.8.1/../../../../avr/lib/avr5\libm.a(mulsf3x.o)
 .data          0x0080010f        0x0 c:/program files (x86)/atmel/atmel toolchain/avr8 gcc/native/3.4.1056/avr8-gnu-toolchain/bin/../lib/gcc/avr/4.8.1/../../../../avr/lib/avr5\libm.a(unordsf2.o)
 .data          0x0080010f        0x0 c:/program files (x86)/atmel/atmel toolchain/avr8 gcc/native/3.4.1056/avr8-gnu-toolchain/bin/../lib/gcc/avr/4.8.1/avr5\libgcc.a(_mulsi3.o)
 .data          0x0080010f        0x0 c:/program files (x86)/atmel/atmel toolchain/avr8 gcc/native/3.4.1056/avr8-gnu-toolchain/bin/../lib/gcc/avr/4.8.1/avr5\libgcc.a(_udivmodsi4.o)
 .data          0x0080010f        0x0 c:/program files (x86)/atmel/atmel toolchain/avr8 gcc/native/3.4.1056/avr8-gnu-toolchain/bin/../lib/gcc/avr/4.8.1/avr5\libgcc.a(_exit.o)
 .data          0x0080010f        0x0 c:/program files (x86)/atmel/atmel toolchain/avr8 gcc/native/3.4.1056/avr8-gnu-toolchain/bin/../lib/gcc/avr/4.8.1/avr5\libgcc.a(_copy_data.o)
 .data          0x0080010f        0x0 c:/program files (x86)/atmel/atmel toolchain/avr8 gcc/native/3.4.1056/avr8-gnu-toolchain/bin/../lib/gcc/avr/4.8.1/avr5\libgcc.a(_clear_bss.o)
 .data          0x0080010f        0x0 c:/program files (x86)/atmel/atmel toolchain/avr8 gcc/native/3.4.1056/avr8-gnu-toolchain/bin/../lib/gcc/avr/4.8.1/avr5\libgcc.a(_ctors.o)
 .data          0x0080010f        0x0 c:/program files (x86)/atmel/atmel toolchain/avr8 gcc/native/3.4.1056/avr8-gnu-toolchain/bin/../lib/gcc/avr/4.8.1/avr5\libgcc.a(_muluhisi3.o)
 .data          0x0080010f        0x0 c:/program files (x86)/atmel/atmel toolchain/avr8 gcc/native/3.4.1056/avr8-gnu-toolchain/bin/../lib/gcc/avr/4.8.1/avr5\libgcc.a(_tablejump.o)
 .data          0x0080010f        0x0 c:/program files (x86)/atmel/atmel toolchain/avr8 gcc/native/3.4.1056/avr8-gnu-toolchain/bin/../lib/gcc/avr/4.8.1/avr5\libgcc.a(_umulhisi3.o)
 .data          0x0080010f        0x0 c:/program files (x86)/atmel/atmel toolchain/avr8 gcc/native/3.4.1056/avr8-gnu-toolchain/bin/../lib/gcc/avr/4.8.1/../../../../avr/lib/avr5\libc.a(atol.o)
 .data          0x0080010f        0x0 c:/program files (x86)/atmel/atmel toolchain/avr8 gcc/native/3.4.1056/avr8-gnu-toolchain/bin/../lib/gcc/avr/4.8.1/../../../../avr/lib/avr5\libc.a(isspace.o)
 .data          0x0080010f        0x0 c:/program files (x86)/atmel/atmel toolchain/avr8 gcc/native/3.4.1056/avr8-gnu-toolchain/bin/../lib/gcc/avr/4.8.1/../../../../avr/lib/avr5\libc.a(tolower.o)
 .data          0x0080010f        0x0 c:/program files (x86)/atmel/atmel toolchain/avr8 gcc/native/3.4.1056/avr8-gnu-toolchain/bin/../lib/gcc/avr/4.8.1/../../../../avr/lib/avr5\libc.a(toupper.o)
 .data          0x0080010f        0x0 c:/program files (x86)/atmel/atmel toolchain/avr8 gcc/native/3.4.1056/avr8-gnu-toolchain/bin/../lib/gcc/avr/4.8.1/../../../../avr/lib/avr5\libc.a(memcpy.o)
 .data          0x0080010f        0x0 c:/program files (x86)/atmel/atmel toolchain/avr8 gcc/native/3.4.1056/avr8-gnu-toolchain/bin/../lib/gcc/avr/4.8.1/../../../../avr/lib/avr5\libc.a(memmove.o)
 .data          0x0080010f        0x0 c:/program files (x86)/atmel/atmel toolchain/avr8 gcc/native/3.4.1056/avr8-gnu-toolchain/bin/../lib/gcc/avr/4.8.1/../../../../avr/lib/avr5\libc.a(strchr.o)
 .data          0x0080010f        0x0 c:/program files (x86)/atmel/atmel toolchain/avr8 gcc/native/3.4.1056/avr8-gnu-toolchain/bin/../lib/gcc/avr/4.8.1/../../../../avr/lib/avr5\libc.a(strcmp.o)
 .data          0x0080010f        0x0 c:/program files (x86)/atmel/atmel toolchain/avr8 gcc/native/3.4.1056/avr8-gnu-toolchain/bin/../lib/gcc/avr/4.8.1/../../../../avr/lib/avr5\libc.a(strcpy.o)
 .data          0x0080010f        0x0 c:/program files (x86)/atmel/atmel toolchain/avr8 gcc/native/3.4.1056/avr8-gnu-toolchain/bin/../lib/gcc/avr/4.8.1/../../../../avr/lib/avr5\libc.a(strncmp.o)
 .data          0x0080010f        0x0 c:/program files (x86)/atmel/atmel toolchain/avr8 gcc/native/3.4.1056/avr8-gnu-toolchain/bin/../lib/gcc/avr/4.8.1/../../../../avr/lib/avr5\libc.a(strncpy.o)
 .data          0x0080010f        0x0 c:/program files (x86)/atmel/atmel toolchain/avr8 gcc/native/3.4.1056/avr8-gnu-toolchain/bin/../lib/gcc/avr/4.8.1/../../../../avr/lib/avr5\libc.a(strrchr.o)
 .data          0x0080010f        0x0 c:/program files (x86)/atmel/atmel toolchain/avr8 gcc/native/3.4.1056/avr8-gnu-toolchain/bin/../lib/gcc/avr/4.8.1/../../../../avr/lib/avr5\libc.a(strstr.o)
 .data          0x0080010f        0x0 c:/program files (x86)/atmel/atmel toolchain/avr8 gcc/native/3.4.1056/avr8-gnu-toolchain/bin/../lib/gcc/avr/4.8.1/../../../../avr/lib/avr5\libc.a(itoa.o)
 .data          0x0080010f        0x0 c:/program files (x86)/atmel/atmel toolchain/avr8 gcc/native/3.4.1056/avr8-gnu-toolchain/bin/../lib/gcc/avr/4.8.1/../../../../avr/lib/avr5\libc.a(itoa_ncheck.o)
 .data          0x0080010f        0x0 c:/program files (x86)/atmel/atmel toolchain/avr8 gcc/native/3.4.1056/avr8-gnu-toolchain/bin/../lib/gcc/avr/4.8.1/../../../../avr/lib/avr5\libc.a(ltoa.o)
 .data          0x0080010f        0x0 c:/program files (x86)/atmel/atmel toolchain/avr8 gcc/native/3.4.1056/avr8-gnu-toolchain/bin/../lib/gcc/avr/4.8.1/../../../../avr/lib/avr5\libc.a(ltoa_ncheck.o)
 .data          0x0080010f        0x0 c:/program files (x86)/atmel/atmel toolchain/avr8 gcc/native/3.4.1056/avr8-gnu-toolchain/bin/../lib/gcc/avr/4.8.1/../../../../avr/lib/avr5\libc.a(mulsi10.o)
 .data          0x0080010f        0x0 c:/program files (x86)/atmel/atmel toolchain/avr8 gcc/native/3.4.1056/avr8-gnu-toolchain/bin/../lib/gcc/avr/4.8.1/../../../../avr/lib/avr5\libc.a(ultoa.o)
 .data          0x0080010f        0x0 c:/program files (x86)/atmel/atmel toolchain/avr8 gcc/native/3.4.1056/avr8-gnu-toolchain/bin/../lib/gcc/avr/4.8.1/../../../../avr/lib/avr5\libc.a(ultoa_ncheck.o)
 .data          0x0080010f        0x0 c:/program files (x86)/atmel/atmel toolchain/avr8 gcc/native/3.4.1056/avr8-gnu-toolchain/bin/../lib/gcc/avr/4.8.1/../../../../avr/lib/avr5\libc.a(utoa.o)
 .data          0x0080010f        0x0 c:/program files (x86)/atmel/atmel toolchain/avr8 gcc/native/3.4.1056/avr8-gnu-toolchain/bin/../lib/gcc/avr/4.8.1/../../../../avr/lib/avr5\libc.a(utoa_ncheck.o)
 .data          0x0080010f        0x0 c:/program files (x86)/atmel/atmel toolchain/avr8 gcc/native/3.4.1056/avr8-gnu-toolchain/bin/../lib/gcc/avr/4.8.1/../../../../avr/lib/avr5\libc.a(cty_isfalse.o)
 .data          0x0080010f        0x0 c:/program files (x86)/atmel/atmel toolchain/avr8 gcc/native/3.4.1056/avr8-gnu-toolchain/bin/../lib/gcc/avr/4.8.1/../../../../avr/lib/avr5\libc.a(strrev.o)
 *(.data*)
 *(.rodata)
 *(.rodata*)
 .rodata._ZTV14HardwareSerial
                0x0080010f       0x10 ../../../Dependencies/arduino-cores\libcore_328p.a(HardwareSerial.cpp.o)
                0x0080010f                _ZTV14HardwareSerial
 *(.gnu.linkonce.d*)
                0x00800120                . = ALIGN (0x2)
 *fill*         0x0080011f        0x1 
                0x00800120                _edata = .
                0x00800120                PROVIDE (__data_end, .)

.bss            0x00800120       0xb3
                0x00800120                PROVIDE (__bss_start, .)
 *(.bss)
 *(.bss*)
 .bss.timer0_overflow_count
                0x00800120        0x4 ../../../Dependencies/arduino-cores\libcore_328p.a(wiring.c.o)
                0x00800120                timer0_overflow_count
 .bss.timer0_millis
                0x00800124        0x4 ../../../Dependencies/arduino-cores\libcore_328p.a(wiring.c.o)
                0x00800124                timer0_millis
 .bss.timer0_fract
                0x00800128        0x1 ../../../Dependencies/arduino-cores\libcore_328p.a(wiring.c.o)
 .bss.rx_buffer
                0x00800129       0x44 ../../../Dependencies/arduino-cores\libcore_328p.a(HardwareSerial.cpp.o)
                0x00800129                rx_buffer
 .bss.tx_buffer
                0x0080016d       0x44 ../../../Dependencies/arduino-cores\libcore_328p.a(HardwareSerial.cpp.o)
                0x0080016d                tx_buffer
 .bss.Serial    0x008001b1       0x22 ../../../Dependencies/arduino-cores\libcore_328p.a(HardwareSerial.cpp.o)
                0x008001b1                Serial
 *(COMMON)
                0x008001d3                PROVIDE (__bss_end, .)
                0x00000766                __data_load_start = LOADADDR (.data)
                0x00000786                __data_load_end = (__data_load_start + SIZEOF (.data))

.noinit         0x008001d3        0x0
                0x008001d3                PROVIDE (__noinit_start, .)
 *(.noinit*)
                0x008001d3                PROVIDE (__noinit_end, .)
                0x008001d3                _end = .
                0x008001d3                PROVIDE (__heap_start, .)

.eeprom         0x00810000        0x0
 *(.eeprom*)
                0x00810000                __eeprom_end = .

.fuse
 *(.fuse)
 *(.lfuse)
 *(.hfuse)
 *(.efuse)

.lock
 *(.lock*)

.signature
 *(.signature*)

.user_signatures
 *(.user_signatures*)

.stab
 *(.stab)

.stabstr
 *(.stabstr)

.stab.excl
 *(.stab.excl)

.stab.exclstr
 *(.stab.exclstr)

.stab.index
 *(.stab.index)

.stab.indexstr
 *(.stab.indexstr)

.comment        0x00000000       0x30
 *(.comment)
 .comment       0x00000000       0x30 ArduinoLibraries/SPI.o
                                 0x31 (size before relaxing)
 .comment       0x00000000       0x31 main.o
 .comment       0x00000000       0x31 Hardware/cooker_hal.o
 .comment       0x00000000       0x31 Hardware/cooker_hardware.o

.note.gnu.build-id
 *(.note.gnu.build-id)

.debug
 *(.debug)

.line
 *(.line)

.debug_srcinfo
 *(.debug_srcinfo)

.debug_sfnames
 *(.debug_sfnames)

.debug_aranges  0x00000000      0x5a0
 *(.debug_aranges)
 .debug_aranges
                0x00000000       0x40 ArduinoLibraries/SPI.o
 .debug_aranges
                0x00000040       0x30 main.o
 .debug_aranges
                0x00000070       0x30 Hardware/cooker_hardware.o
 .debug_aranges
                0x000000a0       0x48 ../../../Dependencies/arduino-cores\libcore_328p.a(wiring.c.o)
 .debug_aranges
                0x000000e8       0x30 ../../../Dependencies/arduino-cores\libcore_328p.a(wiring_digital.c.o)
 .debug_aranges
                0x00000118       0x98 ../../../Dependencies/arduino-cores\libcore_328p.a(HardwareSerial.cpp.o)
 .debug_aranges
                0x000001b0       0x58 ../../../Dependencies/arduino-cores\libcore_328p.a(new.cpp.o)
 .debug_aranges
                0x00000208       0xf0 ../../../Dependencies/arduino-cores\libcore_328p.a(Print.cpp.o)
 .debug_aranges
                0x000002f8      0x260 ../../../Dependencies/arduino-cores\libcore_328p.a(WString.cpp.o)
 .debug_aranges
                0x00000558       0x28 ../../../Dependencies/arduino-cores\libcore_328p.a(malloc.c.o)
 .debug_aranges
                0x00000580       0x20 ../../../Dependencies/arduino-cores\libcore_328p.a(realloc.c.o)

.debug_pubnames
                0x00000000      0xc36
 *(.debug_pubnames)
 .debug_pubnames
                0x00000000       0x8d ../../../Dependencies/arduino-cores\libcore_328p.a(wiring.c.o)
 .debug_pubnames
                0x0000008d       0xda ../../../Dependencies/arduino-cores\libcore_328p.a(wiring_digital.c.o)
 .debug_pubnames
                0x00000167      0x1b4 ../../../Dependencies/arduino-cores\libcore_328p.a(HardwareSerial.cpp.o)
 .debug_pubnames
                0x0000031b       0xbf ../../../Dependencies/arduino-cores\libcore_328p.a(new.cpp.o)
 .debug_pubnames
                0x000003da      0x200 ../../../Dependencies/arduino-cores\libcore_328p.a(Print.cpp.o)
 .debug_pubnames
                0x000005da      0x5bf ../../../Dependencies/arduino-cores\libcore_328p.a(WString.cpp.o)
 .debug_pubnames
                0x00000b99       0x7f ../../../Dependencies/arduino-cores\libcore_328p.a(malloc.c.o)
 .debug_pubnames
                0x00000c18       0x1e ../../../Dependencies/arduino-cores\libcore_328p.a(realloc.c.o)

.debug_info     0x00000000     0x6c48
 *(.debug_info .gnu.linkonce.wi.*)
 .debug_info    0x00000000      0x318 ArduinoLibraries/SPI.o
 .debug_info    0x00000318      0x2b1 main.o
 .debug_info    0x000005c9      0x291 Hardware/cooker_hardware.o
 .debug_info    0x0000085a      0x31c ../../../Dependencies/arduino-cores\libcore_328p.a(wiring.c.o)
 .debug_info    0x00000b76      0x592 ../../../Dependencies/arduino-cores\libcore_328p.a(wiring_digital.c.o)
 .debug_info    0x00001108     0x1920 ../../../Dependencies/arduino-cores\libcore_328p.a(HardwareSerial.cpp.o)
 .debug_info    0x00002a28      0x195 ../../../Dependencies/arduino-cores\libcore_328p.a(new.cpp.o)
 .debug_info    0x00002bbd     0x1aed ../../../Dependencies/arduino-cores\libcore_328p.a(Print.cpp.o)
 .debug_info    0x000046aa     0x21e1 ../../../Dependencies/arduino-cores\libcore_328p.a(WString.cpp.o)
 .debug_info    0x0000688b      0x229 ../../../Dependencies/arduino-cores\libcore_328p.a(malloc.c.o)
 .debug_info    0x00006ab4      0x194 ../../../Dependencies/arduino-cores\libcore_328p.a(realloc.c.o)

.debug_abbrev   0x00000000     0x149a
 *(.debug_abbrev)
 .debug_abbrev  0x00000000      0x174 ArduinoLibraries/SPI.o
 .debug_abbrev  0x00000174      0x13c main.o
 .debug_abbrev  0x000002b0      0x160 Hardware/cooker_hardware.o
 .debug_abbrev  0x00000410      0x17d ../../../Dependencies/arduino-cores\libcore_328p.a(wiring.c.o)
 .debug_abbrev  0x0000058d      0x177 ../../../Dependencies/arduino-cores\libcore_328p.a(wiring_digital.c.o)
 .debug_abbrev  0x00000704      0x450 ../../../Dependencies/arduino-cores\libcore_328p.a(HardwareSerial.cpp.o)
 .debug_abbrev  0x00000b54       0xf7 ../../../Dependencies/arduino-cores\libcore_328p.a(new.cpp.o)
 .debug_abbrev  0x00000c4b      0x336 ../../../Dependencies/arduino-cores\libcore_328p.a(Print.cpp.o)
 .debug_abbrev  0x00000f81      0x343 ../../../Dependencies/arduino-cores\libcore_328p.a(WString.cpp.o)
 .debug_abbrev  0x000012c4      0x10d ../../../Dependencies/arduino-cores\libcore_328p.a(malloc.c.o)
 .debug_abbrev  0x000013d1       0xc9 ../../../Dependencies/arduino-cores\libcore_328p.a(realloc.c.o)

.debug_line     0x00000000     0x3875
 *(.debug_line .debug_line.* .debug_line_end)
 .debug_line    0x00000000      0x207 ArduinoLibraries/SPI.o
 .debug_line    0x00000207      0x1d4 main.o
 .debug_line    0x000003db        0x0 Hardware/cooker_hal.o
 .debug_line    0x000003db      0x244 Hardware/cooker_hardware.o
 .debug_line    0x0000061f      0x40b ../../../Dependencies/arduino-cores\libcore_328p.a(wiring.c.o)
 .debug_line    0x00000a2a      0x37f ../../../Dependencies/arduino-cores\libcore_328p.a(wiring_digital.c.o)
 .debug_line    0x00000da9      0x82d ../../../Dependencies/arduino-cores\libcore_328p.a(HardwareSerial.cpp.o)
 .debug_line    0x000015d6      0x274 ../../../Dependencies/arduino-cores\libcore_328p.a(new.cpp.o)
 .debug_line    0x0000184a      0x81c ../../../Dependencies/arduino-cores\libcore_328p.a(Print.cpp.o)
 .debug_line    0x00002066     0x118a ../../../Dependencies/arduino-cores\libcore_328p.a(WString.cpp.o)
 .debug_line    0x000031f0      0x39c ../../../Dependencies/arduino-cores\libcore_328p.a(malloc.c.o)
 .debug_line    0x0000358c      0x2e9 ../../../Dependencies/arduino-cores\libcore_328p.a(realloc.c.o)

.debug_frame    0x00000000      0xa40
 *(.debug_frame)
 .debug_frame   0x00000000       0x64 ArduinoLibraries/SPI.o
 .debug_frame   0x00000064       0x98 main.o
 .debug_frame   0x000000fc       0x44 Hardware/cooker_hardware.o
 .debug_frame   0x00000140       0x70 ../../../Dependencies/arduino-cores\libcore_328p.a(wiring.c.o)
 .debug_frame   0x000001b0       0x40 ../../../Dependencies/arduino-cores\libcore_328p.a(wiring_digital.c.o)
 .debug_frame   0x000001f0      0x110 ../../../Dependencies/arduino-cores\libcore_328p.a(HardwareSerial.cpp.o)
 .debug_frame   0x00000300       0x90 ../../../Dependencies/arduino-cores\libcore_328p.a(new.cpp.o)
 .debug_frame   0x00000390      0x1c0 ../../../Dependencies/arduino-cores\libcore_328p.a(Print.cpp.o)
 .debug_frame   0x00000550      0x4a0 ../../../Dependencies/arduino-cores\libcore_328p.a(WString.cpp.o)
 .debug_frame   0x000009f0       0x30 ../../../Dependencies/arduino-cores\libcore_328p.a(malloc.c.o)
 .debug_frame   0x00000a20       0x20 ../../../Dependencies/arduino-cores\libcore_328p.a(realloc.c.o)

.debug_str      0x00000000     0x1b3e
 *(.debug_str)
 .debug_str     0x00000000      0x2ed ArduinoLibraries/SPI.o
                                0x32b (size before relaxing)
 .debug_str     0x000002ed       0x75 main.o
                                0x237 (size before relaxing)
 .debug_str     0x00000362        0x0 Hardware/cooker_hal.o
 .debug_str     0x00000362       0xa4 Hardware/cooker_hardware.o
                                0x297 (size before relaxing)
 .debug_str     0x00000406       0xdb ../../../Dependencies/arduino-cores\libcore_328p.a(wiring.c.o)
                                0x178 (size before relaxing)
 .debug_str     0x000004e1      0x116 ../../../Dependencies/arduino-cores\libcore_328p.a(wiring_digital.c.o)
                                0x1e3 (size before relaxing)
 .debug_str     0x000005f7      0xcf4 ../../../Dependencies/arduino-cores\libcore_328p.a(HardwareSerial.cpp.o)
                                0xe69 (size before relaxing)
 .debug_str     0x000012eb      0x111 ../../../Dependencies/arduino-cores\libcore_328p.a(new.cpp.o)
                                0x14f (size before relaxing)
 .debug_str     0x000013fc      0x3c8 ../../../Dependencies/arduino-cores\libcore_328p.a(Print.cpp.o)
                                0xc2f (size before relaxing)
 .debug_str     0x000017c4      0x1fa ../../../Dependencies/arduino-cores\libcore_328p.a(WString.cpp.o)
                                0x9cb (size before relaxing)
 .debug_str     0x000019be       0xfc ../../../Dependencies/arduino-cores\libcore_328p.a(malloc.c.o)
                                0x17b (size before relaxing)
 .debug_str     0x00001aba       0x84 ../../../Dependencies/arduino-cores\libcore_328p.a(realloc.c.o)
                                0x13f (size before relaxing)

.debug_loc      0x00000000     0x3c73
 *(.debug_loc)
 .debug_loc     0x00000000       0x5b ArduinoLibraries/SPI.o
 .debug_loc     0x0000005b      0x145 main.o
 .debug_loc     0x000001a0      0x16d ../../../Dependencies/arduino-cores\libcore_328p.a(wiring.c.o)
 .debug_loc     0x0000030d      0x15e ../../../Dependencies/arduino-cores\libcore_328p.a(wiring_digital.c.o)
 .debug_loc     0x0000046b      0x473 ../../../Dependencies/arduino-cores\libcore_328p.a(HardwareSerial.cpp.o)
 .debug_loc     0x000008de       0xb0 ../../../Dependencies/arduino-cores\libcore_328p.a(new.cpp.o)
 .debug_loc     0x0000098e      0xdb8 ../../../Dependencies/arduino-cores\libcore_328p.a(Print.cpp.o)
 .debug_loc     0x00001746     0x1f05 ../../../Dependencies/arduino-cores\libcore_328p.a(WString.cpp.o)
 .debug_loc     0x0000364b      0x358 ../../../Dependencies/arduino-cores\libcore_328p.a(malloc.c.o)
 .debug_loc     0x000039a3      0x2d0 ../../../Dependencies/arduino-cores\libcore_328p.a(realloc.c.o)

.debug_macinfo
 *(.debug_macinfo)

.debug_weaknames
 *(.debug_weaknames)

.debug_funcnames
 *(.debug_funcnames)

.debug_typenames
 *(.debug_typenames)

.debug_varnames
 *(.debug_varnames)

.debug_pubtypes
 *(.debug_pubtypes)

.debug_ranges   0x00000000      0x548
 *(.debug_ranges)
 .debug_ranges  0x00000000       0x30 ArduinoLibraries/SPI.o
 .debug_ranges  0x00000030       0x20 main.o
 .debug_ranges  0x00000050       0x20 Hardware/cooker_hardware.o
 .debug_ranges  0x00000070       0x40 ../../../Dependencies/arduino-cores\libcore_328p.a(wiring.c.o)
 .debug_ranges  0x000000b0       0x28 ../../../Dependencies/arduino-cores\libcore_328p.a(wiring_digital.c.o)
 .debug_ranges  0x000000d8       0x90 ../../../Dependencies/arduino-cores\libcore_328p.a(HardwareSerial.cpp.o)
 .debug_ranges  0x00000168       0x50 ../../../Dependencies/arduino-cores\libcore_328p.a(new.cpp.o)
 .debug_ranges  0x000001b8       0xe8 ../../../Dependencies/arduino-cores\libcore_328p.a(Print.cpp.o)
 .debug_ranges  0x000002a0      0x270 ../../../Dependencies/arduino-cores\libcore_328p.a(WString.cpp.o)
 .debug_ranges  0x00000510       0x20 ../../../Dependencies/arduino-cores\libcore_328p.a(malloc.c.o)
 .debug_ranges  0x00000530       0x18 ../../../Dependencies/arduino-cores\libcore_328p.a(realloc.c.o)

.debug_macro
 *(.debug_macro)
OUTPUT(AutomaticCooker.elf elf32-avr)
LOAD linker stubs
